Component: ARM Compiler 5.06 update 4 (build 422) Tool: armlink [4d35d2]

==============================================================================

Section Cross References

    system_stm32f4xx.o(i.SystemCoreClockUpdate) refers to system_stm32f4xx.o(.data) for .data
    system_stm32f4xx.o(i.SystemCoreClockUpdate) refers to system_stm32f4xx.o(.constdata) for .constdata
    usbd_ioreq.o(i.USBD_CtlContinueRx) refers to usbd_conf.o(i.USBD_LL_PrepareReceive) for USBD_LL_PrepareReceive
    usbd_ioreq.o(i.USBD_CtlContinueSendData) refers to usbd_conf.o(i.USBD_LL_Transmit) for USBD_LL_Transmit
    usbd_ioreq.o(i.USBD_CtlPrepareRx) refers to usbd_conf.o(i.USBD_LL_PrepareReceive) for USBD_LL_PrepareReceive
    usbd_ioreq.o(i.USBD_CtlReceiveStatus) refers to usbd_conf.o(i.USBD_LL_PrepareReceive) for USBD_LL_PrepareReceive
    usbd_ioreq.o(i.USBD_CtlSendData) refers to usbd_conf.o(i.USBD_LL_Transmit) for USBD_LL_Transmit
    usbd_ioreq.o(i.USBD_CtlSendStatus) refers to usbd_conf.o(i.USBD_LL_Transmit) for USBD_LL_Transmit
    usbd_ioreq.o(i.USBD_GetRxCount) refers to usbd_conf.o(i.USBD_LL_GetRxDataSize) for USBD_LL_GetRxDataSize
    usbd_core.o(i.USBD_DeInit) refers to usbd_conf.o(i.USBD_LL_Stop) for USBD_LL_Stop
    usbd_core.o(i.USBD_DeInit) refers to usbd_conf.o(i.USBD_LL_DeInit) for USBD_LL_DeInit
    usbd_core.o(i.USBD_Init) refers to usbd_conf.o(i.USBD_LL_Init) for USBD_LL_Init
    usbd_core.o(i.USBD_LL_DataInStage) refers to usbd_ioreq.o(i.USBD_CtlContinueSendData) for USBD_CtlContinueSendData
    usbd_core.o(i.USBD_LL_DataInStage) refers to usbd_conf.o(i.USBD_LL_PrepareReceive) for USBD_LL_PrepareReceive
    usbd_core.o(i.USBD_LL_DataInStage) refers to usbd_ioreq.o(i.USBD_CtlReceiveStatus) for USBD_CtlReceiveStatus
    usbd_core.o(i.USBD_LL_DataOutStage) refers to usbd_ioreq.o(i.USBD_CtlContinueRx) for USBD_CtlContinueRx
    usbd_core.o(i.USBD_LL_DataOutStage) refers to usbd_ioreq.o(i.USBD_CtlSendStatus) for USBD_CtlSendStatus
    usbd_core.o(i.USBD_LL_Reset) refers to usbd_conf.o(i.USBD_LL_OpenEP) for USBD_LL_OpenEP
    usbd_core.o(i.USBD_LL_SetupStage) refers to usbd_ctlreq.o(i.USBD_ParseSetupRequest) for USBD_ParseSetupRequest
    usbd_core.o(i.USBD_LL_SetupStage) refers to usbd_conf.o(i.USBD_LL_StallEP) for USBD_LL_StallEP
    usbd_core.o(i.USBD_LL_SetupStage) refers to usbd_ctlreq.o(i.USBD_StdDevReq) for USBD_StdDevReq
    usbd_core.o(i.USBD_LL_SetupStage) refers to usbd_ctlreq.o(i.USBD_StdItfReq) for USBD_StdItfReq
    usbd_core.o(i.USBD_LL_SetupStage) refers to usbd_ctlreq.o(i.USBD_StdEPReq) for USBD_StdEPReq
    usbd_core.o(i.USBD_Start) refers to usbd_conf.o(i.USBD_LL_Start) for USBD_LL_Start
    usbd_core.o(i.USBD_Stop) refers to usbd_conf.o(i.USBD_LL_Stop) for USBD_LL_Stop
    usbd_ctlreq.o(i.USBD_CtlError) refers to usbd_conf.o(i.USBD_LL_StallEP) for USBD_LL_StallEP
    usbd_ctlreq.o(i.USBD_GetDescriptor) refers to usbd_ctlreq.o(i.USBD_CtlError) for USBD_CtlError
    usbd_ctlreq.o(i.USBD_GetDescriptor) refers to usbd_ioreq.o(i.USBD_CtlSendData) for USBD_CtlSendData
    usbd_ctlreq.o(i.USBD_SetConfig) refers to usbd_core.o(i.USBD_ClrClassConfig) for USBD_ClrClassConfig
    usbd_ctlreq.o(i.USBD_SetConfig) refers to usbd_core.o(i.USBD_SetClassConfig) for USBD_SetClassConfig
    usbd_ctlreq.o(i.USBD_SetConfig) refers to usbd_ioreq.o(i.USBD_CtlSendStatus) for USBD_CtlSendStatus
    usbd_ctlreq.o(i.USBD_SetConfig) refers to usbd_ctlreq.o(i.USBD_CtlError) for USBD_CtlError
    usbd_ctlreq.o(i.USBD_SetConfig) refers to usbd_ctlreq.o(.data) for .data
    usbd_ctlreq.o(i.USBD_StdDevReq) refers to usbd_ctlreq.o(i.USBD_GetDescriptor) for USBD_GetDescriptor
    usbd_ctlreq.o(i.USBD_StdDevReq) refers to usbd_conf.o(i.USBD_LL_SetUSBAddress) for USBD_LL_SetUSBAddress
    usbd_ctlreq.o(i.USBD_StdDevReq) refers to usbd_ioreq.o(i.USBD_CtlSendStatus) for USBD_CtlSendStatus
    usbd_ctlreq.o(i.USBD_StdDevReq) refers to usbd_ctlreq.o(i.USBD_SetConfig) for USBD_SetConfig
    usbd_ctlreq.o(i.USBD_StdDevReq) refers to usbd_ctlreq.o(i.USBD_CtlError) for USBD_CtlError
    usbd_ctlreq.o(i.USBD_StdDevReq) refers to usbd_ioreq.o(i.USBD_CtlSendData) for USBD_CtlSendData
    usbd_ctlreq.o(i.USBD_StdEPReq) refers to usbd_conf.o(i.USBD_LL_StallEP) for USBD_LL_StallEP
    usbd_ctlreq.o(i.USBD_StdEPReq) refers to usbd_conf.o(i.USBD_LL_ClearStallEP) for USBD_LL_ClearStallEP
    usbd_ctlreq.o(i.USBD_StdEPReq) refers to usbd_ioreq.o(i.USBD_CtlSendStatus) for USBD_CtlSendStatus
    usbd_ctlreq.o(i.USBD_StdEPReq) refers to usbd_ctlreq.o(i.USBD_CtlError) for USBD_CtlError
    usbd_ctlreq.o(i.USBD_StdEPReq) refers to usbd_conf.o(i.USBD_LL_IsStallEP) for USBD_LL_IsStallEP
    usbd_ctlreq.o(i.USBD_StdEPReq) refers to usbd_ioreq.o(i.USBD_CtlSendData) for USBD_CtlSendData
    usbd_ctlreq.o(i.USBD_StdItfReq) refers to usbd_ioreq.o(i.USBD_CtlSendStatus) for USBD_CtlSendStatus
    usbd_ctlreq.o(i.USBD_StdItfReq) refers to usbd_ctlreq.o(i.USBD_CtlError) for USBD_CtlError
[...]
    ../clib/../cmprslib/zerorunl2.c          0x00000000   Number         0  __dczerorl2.o ABSOLUTE
    ../clib/microlib/init/entry.s            0x00000000   Number         0  entry11b.o ABSOLUTE
    ../clib/microlib/init/entry.s            0x00000000   Number         0  entry11a.o ABSOLUTE
    ../clib/microlib/init/entry.s            0x00000000   Number         0  entry10a.o ABSOLUTE
    ../clib/microlib/init/entry.s            0x00000000   Number         0  entry2.o ABSOLUTE
    ../clib/microlib/init/entry.s            0x00000000   Number         0  entry9a.o ABSOLUTE
    ../clib/microlib/init/entry.s            0x00000000   Number         0  entry5.o ABSOLUTE
    ../clib/microlib/init/entry.s            0x00000000   Number         0  entry.o ABSOLUTE
    ../clib/microlib/init/entry.s            0x00000000   Number         0  entry8b.o ABSOLUTE
    ../clib/microlib/init/entry.s            0x00000000   Number         0  entry10b.o ABSOLUTE
    ../clib/microlib/init/entry.s            0x00000000   Number         0  entry8a.o ABSOLUTE
    ../clib/microlib/init/entry.s            0x00000000   Number         0  entry7b.o ABSOLUTE
    ../clib/microlib/init/entry.s            0x00000000   Number         0  entry7a.o ABSOLUTE
    ../clib/microlib/init/entry.s            0x00000000   Number         0  entry9b.o ABSOLUTE
    ../clib/microlib/malloc/malloc.c         0x00000000   Number         0  malloc.o ABSOLUTE
    ../clib/microlib/malloc/malloc.c         0x00000000   Number         0  mallocr.o ABSOLUTE
    ../clib/microlib/malloc/malloc.c         0x00000000   Number         0  mallocra.o ABSOLUTE
    ../clib/microlib/malloc/malloc.c         0x00000000   Number         0  malloca.o ABSOLUTE
    ../clib/microlib/malloc/mvars.c          0x00000000   Number         0  mvars.o ABSOLUTE
    ../clib/microlib/string/memcpy.c         0x00000000   Number         0  memcpya.o ABSOLUTE
    ../clib/microlib/string/memcpy.c         0x00000000   Number         0  memcpyb.o ABSOLUTE
    ..\Drivers\CMSIS\Device\ST\STM32F4xx\Source\Templates\system_stm32f4xx.c 0x00000000   Number         0  system_stm32f4xx.o ABSOLUTE
    ..\Drivers\STM32F4xx_HAL_Driver\Src\stm32f4xx_hal.c 0x00000000   Number         0  stm32f4xx_hal.o ABSOLUTE
    ..\Drivers\STM32F4xx_HAL_Driver\Src\stm32f4xx_hal_adc.c 0x00000000   Number         0  stm32f4xx_hal_adc.o ABSOLUTE
    ..\Drivers\STM32F4xx_HAL_Driver\Src\stm32f4xx_hal_adc_ex.c 0x00000000   Number         0  stm32f4xx_hal_adc_ex.o ABSOLUTE
    ..\Drivers\STM32F4xx_HAL_Driver\Src\stm32f4xx_hal_cortex.c 0x00000000   Number         0  stm32f4xx_hal_cortex.o ABSOLUTE
    ..\Drivers\STM32F4xx_HAL_Driver\Src\stm32f4xx_hal_dma.c 0x00000000   Number         0  stm32f4xx_hal_dma.o ABSOLUTE
    ..\Drivers\STM32F4xx_HAL_Driver\Src\stm32f4xx_hal_dma_ex.c 0x00000000   Number         0  stm32f4xx_hal_dma_ex.o ABSOLUTE
    ..\Drivers\STM32F4xx_HAL_Driver\Src\stm32f4xx_hal_flash.c 0x00000000   Number         0  stm32f4xx_hal_flash.o ABSOLUTE
    ..\Drivers\STM32F4xx_HAL_Driver\Src\stm32f4xx_hal_flash_ex.c 0x00000000   Number         0  stm32f4xx_hal_flash_ex.o ABSOLUTE
    ..\Drivers\STM32F4xx_HAL_Driver\Src\stm32f4xx_hal_flash_ramfunc.c 0x00000000   Number         0  stm32f4xx_hal_flash_ramfunc.o ABSOLUTE
    ..\Drivers\STM32F4xx_HAL_Driver\Src\stm32f4xx_hal_gpio.c 0x00000000   Number         0  stm32f4xx_hal_gpio.o ABSOLUTE
    ..\Drivers\STM32F4xx_HAL_Driver\Src\stm32f4xx_hal_pcd.c 0x00000000   Number         0  stm32f4xx_hal_pcd.o ABSOLUTE
    ..\Drivers\STM32F4xx_HAL_Driver\Src\stm32f4xx_hal_pcd_ex.c 0x00000000   Number         0  stm32f4xx_hal_pcd_ex.o ABSOLUTE
    ..\Drivers\STM32F4xx_HAL_Driver\Src\stm32f4xx_hal_pwr.c 0x00000000   Number         0  stm32f4xx_hal_pwr.o ABSOLUTE
    ..\Drivers\STM32F4xx_HAL_Driver\Src\stm32f4xx_hal_pwr_ex.c 0x00000000   Number         0  stm32f4xx_hal_pwr_ex.o ABSOLUTE
    ..\Drivers\STM32F4xx_HAL_Driver\Src\stm32f4xx_hal_rcc.c 0x00000000   Number         0  stm32f4xx_hal_rcc.o ABSOLUTE
    ..\Drivers\STM32F4xx_HAL_Driver\Src\stm32f4xx_hal_rcc_ex.c 0x00000000   Number         0  stm32f4xx_hal_rcc_ex.o ABSOLUTE
    ..\Drivers\STM32F4xx_HAL_Driver\Src\stm32f4xx_hal_tim.c 0x00000000   Number         0  stm32f4xx_hal_tim.o ABSOLUTE
    ..\Drivers\STM32F4xx_HAL_Driver\Src\stm32f4xx_hal_tim_ex.c 0x00000000   Number         0  stm32f4xx_hal_tim_ex.o ABSOLUTE
    ..\Drivers\STM32F4xx_HAL_Driver\Src\stm32f4xx_ll_usb.c 0x00000000   Number         0  stm32f4xx_ll_usb.o ABSOLUTE
    ..\Middlewares\ST\STM32_USB_Device_Library\Class\CDC\Src\usbd_cdc.c 0x00000000   Number         0  usbd_cdc.o ABSOLUTE
    ..\Middlewares\ST\STM32_USB_Device_Library\Core\Src\usbd_core.c 0x00000000   Number         0  usbd_core.o ABSOLUTE
    ..\Middlewares\ST\STM32_USB_Device_Library\Core\Src\usbd_ctlreq.c 0x00000000   Number         0  usbd_ctlreq.o ABSOLUTE
    ..\Middlewares\ST\STM32_USB_Device_Library\Core\Src\usbd_ioreq.c 0x00000000   Number         0  usbd_ioreq.o ABSOLUTE
    ..\Src\main.c                            0x00000000   Number         0  main.o ABSOLUTE
    ..\Src\stm32f4xx_hal_msp.c               0x00000000   Number         0  stm32f4xx_hal_msp.o ABSOLUTE
    ..\Src\stm32f4xx_it.c                    0x00000000   Number         0  stm32f4xx_it.o ABSOLUTE
    ..\Src\usb_device.c                      0x00000000   Number         0  usb_device.o ABSOLUTE
    ..\Src\usbd_cdc_if.c                     0x00000000   Number         0  usbd_cdc_if.o ABSOLUTE
    ..\Src\usbd_conf.c                       0x00000000   Number         0  usbd_conf.o ABSOLUTE
    ..\Src\usbd_desc.c                       0x00000000   Number         0  usbd_desc.o ABSOLUTE
    dc.s                                     0x00000000   Number         0  dc.o ABSOLUTE
    handlers.s                               0x00000000   Number         0  handlers.o ABSOLUTE
    init.s                                   0x00000000   Number         0  init.o ABSOLUTE
    startup_stm32f429xx.s                    0x00000000   Number         0  startup_stm32f429xx.o ABSOLUTE
    RESET                                    0x08000000   Section      428  startup_stm32f429xx.o(RESET)
    .ARM.Collect$$$$00000000                 0x080001ac   Section        0  entry.o(.ARM.Collect$$$$00000000)
    .ARM.Collect$$$$00000001                 0x080001ac   Section        4  entry2.o(.ARM.Collect$$$$00000001)
    .ARM.Collect$$$$00000004                 0x080001b0   Section        4  entry5.o(.ARM.Collect$$$$00000004)
    .ARM.Collect$$$$00000008                 0x080001b4   Section        0  entry7b.o(.ARM.Collect$$$$00000008)
    .ARM.Collect$$$$0000000A                 0x080001b4   Section        0  entry8b.o(.ARM.Collect$$$$0000000A)
    .ARM.Collect$$$$0000000B                 0x080001b4   Section        8  entry9a.o(.ARM.Collect$$$$0000000B)
    .ARM.Collect$$$$0000000D                 0x080001bc   Section        0  entry10a.o(.ARM.Collect$$$$0000000D)
    .ARM.Collect$$$$0000000F                 0x080001bc   Section        0  entry11a.o(.ARM.Collect$$$$0000000F)
    .ARM.Collect$$$$00002712                 0x080001bc   Section        4  entry2.o(.ARM.Collect$$$$00002712)
    __lit__00000000                          0x080001bc   Data           4  entry2.o(.ARM.Collect$$$$00002712)
    .text                                    0x080001c0   Section       36  startup_stm32f429xx.o(.text)
    $v0                                      0x080001c0   Number         0  startup_stm32f429xx.o(.text)
    .text                                    0x080001e4   Section        0  memcpya.o(.text)
    .text                                    0x08000208   Section       36  init.o(.text)
    .text                                    0x0800022c   Section        0  __dczerorl2.o(.text)
    i.ADC_Init                               0x08000284   Section        0  stm32f4xx_hal_adc.o(i.ADC_Init)
    ADC_Init                                 0x08000285   Thumb Code   300  stm32f4xx_hal_adc.o(i.ADC_Init)
    i.ADC_MultiModeDMAConvCplt               0x080003b8   Section        0  stm32f4xx_hal_adc_ex.o(i.ADC_MultiModeDMAConvCplt)
    ADC_MultiModeDMAConvCplt                 0x080003b9   Thumb Code    90  stm32f4xx_hal_adc_ex.o(i.ADC_MultiModeDMAConvCplt)
    i.ADC_MultiModeDMAError                  0x08000412   Section        0  stm32f4xx_hal_adc_ex.o(i.ADC_MultiModeDMAError)
    ADC_MultiModeDMAError                    0x08000413   Thumb Code    18  stm32f4xx_hal_adc_ex.o(i.ADC_MultiModeDMAError)
    i.ADC_MultiModeDMAHalfConvCplt           0x08000424   Section        0  stm32f4xx_hal_adc_ex.o(i.ADC_MultiModeDMAHalfConvCplt)
    ADC_MultiModeDMAHalfConvCplt             0x08000425   Thumb Code     6  stm32f4xx_hal_adc_ex.o(i.ADC_MultiModeDMAHalfConvCplt)
    i.BusFault_Handler                       0x0800042a   Section        0  stm32f4xx_it.o(i.BusFault_Handler)
    i.CDC_Control_FS                         0x0800042c   Section        0  usbd_cdc_if.o(i.CDC_Control_FS)
    CDC_Control_FS                           0x0800042d   Thumb Code     4  usbd_cdc_if.o(i.CDC_Control_FS)
    i.CDC_DeInit_FS                          0x08000430   Section        0  usbd_cdc_if.o(i.CDC_DeInit_FS)
    CDC_DeInit_FS                            0x08000431   Thumb Code     4  usbd_cdc_if.o(i.CDC_DeInit_FS)
    i.CDC_Init_FS                            0x08000434   Section        0  usbd_cdc_if.o(i.CDC_Init_FS)
    CDC_Init_FS                              0x08000435   Thumb Code    24  usbd_cdc_if.o(i.CDC_Init_FS)
    i.CDC_Receive_FS                         0x08000458   Section        0  usbd_cdc_if.o(i.CDC_Receive_FS)
    CDC_Receive_FS                           0x08000459   Thumb Code    32  usbd_cdc_if.o(i.CDC_Receive_FS)
    i.DMA2_Stream0_IRQHandler                0x08000480   Section        0  stm32f4xx_it.o(i.DMA2_Stream0_IRQHandler)
    i.DMA_CalcBaseAndBitshift                0x0800048c   Section        0  stm32f4xx_hal_dma.o(i.DMA_CalcBaseAndBitshift)
    DMA_CalcBaseAndBitshift                  0x0800048d   Thumb Code    34  stm32f4xx_hal_dma.o(i.DMA_CalcBaseAndBitshift)
    i.DMA_CheckFifoParam                     0x080004b4   Section        0  stm32f4xx_hal_dma.o(i.DMA_CheckFifoParam)
    DMA_CheckFifoParam                       0x080004b5   Thumb Code    84  stm32f4xx_hal_dma.o(i.DMA_CheckFifoParam)
    i.DMA_SetConfig                          0x08000508   Section        0  stm32f4xx_hal_dma.o(i.DMA_SetConfig)
    DMA_SetConfig                            0x08000509   Thumb Code    40  stm32f4xx_hal_dma.o(i.DMA_SetConfig)
    i.DebugMon_Handler                       0x08000530   Section        0  stm32f4xx_it.o(i.DebugMon_Handler)
    i.Error_Handler                          0x08000532   Section        0  main.o(i.Error_Handler)
    i.HAL_ADCEx_MultiModeConfigChannel       0x08000534   Section        0  stm32f4xx_hal_adc_ex.o(i.HAL_ADCEx_MultiModeConfigChannel)
    i.HAL_ADCEx_MultiModeStart_DMA           0x080005a0   Section        0  stm32f4xx_hal_adc_ex.o(i.HAL_ADCEx_MultiModeStart_DMA)
    i.HAL_ADCEx_MultiModeStop_DMA            0x080006a0   Section        0  stm32f4xx_hal_adc_ex.o(i.HAL_ADCEx_MultiModeStop_DMA)
    i.HAL_ADC_ConfigChannel                  0x08000704   Section        0  stm32f4xx_hal_adc.o(i.HAL_ADC_ConfigChannel)
    i.HAL_ADC_ConvCpltCallback               0x08000858   Section        0  main.o(i.HAL_ADC_ConvCpltCallback)
    i.HAL_ADC_ConvHalfCpltCallback           0x08000864   Section        0  stm32f4xx_hal_adc.o(i.HAL_ADC_ConvHalfCpltCallback)
    i.HAL_ADC_ErrorCallback                  0x08000866   Section        0  stm32f4xx_hal_adc.o(i.HAL_ADC_ErrorCallback)
    i.HAL_ADC_Init                           0x08000868   Section        0  stm32f4xx_hal_adc.o(i.HAL_ADC_Init)
    i.HAL_ADC_MspInit                        0x080008bc   Section        0  stm32f4xx_hal_msp.o(i.HAL_ADC_MspInit)
    i.HAL_ADC_Start                          0x08000988   Section        0  stm32f4xx_hal_adc.o(i.HAL_ADC_Start)
    i.HAL_ADC_Stop                           0x08000a40   Section        0  stm32f4xx_hal_adc.o(i.HAL_ADC_Stop)
    i.HAL_DMA_Abort                          0x08000a7c   Section        0  stm32f4xx_hal_dma.o(i.HAL_DMA_Abort)
    i.HAL_DMA_IRQHandler                     0x08000b0c   Section        0  stm32f4xx_hal_dma.o(i.HAL_DMA_IRQHandler)
    i.HAL_DMA_Init                           0x08000cb4   Section        0  stm32f4xx_hal_dma.o(i.HAL_DMA_Init)
    i.HAL_DMA_Start_IT                       0x08000d84   Section        0  stm32f4xx_hal_dma.o(i.HAL_DMA_Start_IT)
    i.HAL_Delay                              0x08000dfc   Section        0  stm32f4xx_hal.o(i.HAL_Delay)
    i.HAL_GPIO_Init                          0x08000e14   Section        0  stm32f4xx_hal_gpio.o(i.HAL_GPIO_Init)
    i.HAL_GPIO_ReadPin                       0x08000fe0   Section        0  stm32f4xx_hal_gpio.o(i.HAL_GPIO_ReadPin)
    i.HAL_GetTick                            0x08000fec   Section        0  stm32f4xx_hal.o(i.HAL_GetTick)
    i.HAL_IncTick                            0x08000ff8   Section        0  stm32f4xx_hal.o(i.HAL_IncTick)
    i.HAL_Init                               0x08001008   Section        0  stm32f4xx_hal.o(i.HAL_Init)
    i.HAL_InitTick                           0x0800103c   Section        0  stm32f4xx_hal.o(i.HAL_InitTick)
    i.HAL_MspInit                            0x08001064   Section        0  stm32f4xx_hal_msp.o(i.HAL_MspInit)
    i.HAL_NVIC_EnableIRQ                     0x080010bc   Section        0  stm32f4xx_hal_cortex.o(i.HAL_NVIC_EnableIRQ)
    i.HAL_NVIC_SetPriority                   0x080010d4   Section        0  stm32f4xx_hal_cortex.o(i.HAL_NVIC_SetPriority)
    i.HAL_NVIC_SetPriorityGrouping           0x08001114   Section        0  stm32f4xx_hal_cortex.o(i.HAL_NVIC_SetPriorityGrouping)
    i.HAL_PCDEx_SetRxFiFo                    0x08001138   Section        0  stm32f4xx_hal_pcd_ex.o(i.HAL_PCDEx_SetRxFiFo)
    i.HAL_PCDEx_SetTxFiFo                    0x08001140   Section        0  stm32f4xx_hal_pcd_ex.o(i.HAL_PCDEx_SetTxFiFo)
    i.HAL_PCD_ConnectCallback                0x08001184   Section        0  usbd_conf.o(i.HAL_PCD_ConnectCallback)
    i.HAL_PCD_DataInStageCallback            0x0800118c   Section        0  usbd_conf.o(i.HAL_PCD_DataInStageCallback)
    i.HAL_PCD_DataOutStageCallback           0x0800119e   Section        0  usbd_conf.o(i.HAL_PCD_DataOutStageCallback)
    i.HAL_PCD_DisconnectCallback             0x080011b2   Section        0  usbd_conf.o(i.HAL_PCD_DisconnectCallback)
    i.HAL_PCD_EP_Close                       0x080011ba   Section        0  stm32f4xx_hal_pcd.o(i.HAL_PCD_EP_Close)
    i.HAL_PCD_EP_ClrStall                    0x080011fe   Section        0  stm32f4xx_hal_pcd.o(i.HAL_PCD_EP_ClrStall)
    i.HAL_PCD_EP_GetRxCount                  0x0800124e   Section        0  stm32f4xx_hal_pcd.o(i.HAL_PCD_EP_GetRxCount)
    i.HAL_PCD_EP_Open                        0x08001262   Section        0  stm32f4xx_hal_pcd.o(i.HAL_PCD_EP_Open)
    i.HAL_PCD_EP_Receive                     0x080012b8   Section        0  stm32f4xx_hal_pcd.o(i.HAL_PCD_EP_Receive)
    i.HAL_PCD_EP_SetStall                    0x08001316   Section        0  stm32f4xx_hal_pcd.o(i.HAL_PCD_EP_SetStall)
    i.HAL_PCD_EP_Transmit                    0x08001376   Section        0  stm32f4xx_hal_pcd.o(i.HAL_PCD_EP_Transmit)
    i.HAL_PCD_IRQHandler                     0x080013cc   Section        0  stm32f4xx_hal_pcd.o(i.HAL_PCD_IRQHandler)
    i.HAL_PCD_ISOINIncompleteCallback        0x080018c0   Section        0  usbd_conf.o(i.HAL_PCD_ISOINIncompleteCallback)
    i.HAL_PCD_ISOOUTIncompleteCallback       0x080018c8   Section        0  usbd_conf.o(i.HAL_PCD_ISOOUTIncompleteCallback)
    i.HAL_PCD_Init                           0x080018d0   Section        0  stm32f4xx_hal_pcd.o(i.HAL_PCD_Init)
    i.HAL_PCD_MspInit                        0x08001990   Section        0  usbd_conf.o(i.HAL_PCD_MspInit)
    i.HAL_PCD_ResetCallback                  0x080019f4   Section        0  usbd_conf.o(i.HAL_PCD_ResetCallback)
    i.HAL_PCD_ResumeCallback                 0x08001a14   Section        0  usbd_conf.o(i.HAL_PCD_ResumeCallback)
    i.HAL_PCD_SOFCallback                    0x08001a1c   Section        0  usbd_conf.o(i.HAL_PCD_SOFCallback)
    i.HAL_PCD_SetAddress                     0x08001a24   Section        0  stm32f4xx_hal_pcd.o(i.HAL_PCD_SetAddress)
    i.HAL_PCD_SetupStageCallback             0x08001a48   Section        0  usbd_conf.o(i.HAL_PCD_SetupStageCallback)
    i.HAL_PCD_Start                          0x08001a56   Section        0  stm32f4xx_hal_pcd.o(i.HAL_PCD_Start)
    i.HAL_PCD_SuspendCallback                0x08001a80   Section        0  usbd_conf.o(i.HAL_PCD_SuspendCallback)
    i.HAL_RCC_ClockConfig                    0x08001ab0   Section        0  stm32f4xx_hal_rcc.o(i.HAL_RCC_ClockConfig)
    i.HAL_RCC_GetHCLKFreq                    0x08001c2c   Section        0  stm32f4xx_hal_rcc.o(i.HAL_RCC_GetHCLKFreq)
    i.HAL_RCC_GetSysClockFreq                0x08001c38   Section        0  stm32f4xx_hal_rcc.o(i.HAL_RCC_GetSysClockFreq)
    i.HAL_RCC_OscConfig                      0x08001ca8   Section        0  stm32f4xx_hal_rcc.o(i.HAL_RCC_OscConfig)
    i.HAL_SYSTICK_CLKSourceConfig            0x08001f8c   Section        0  stm32f4xx_hal_cortex.o(i.HAL_SYSTICK_CLKSourceConfig)
    i.HAL_SYSTICK_Callback                   0x08001fa4   Section        0  stm32f4xx_hal_cortex.o(i.HAL_SYSTICK_Callback)
    i.HAL_SYSTICK_Config                     0x08001fa6   Section        0  stm32f4xx_hal_cortex.o(i.HAL_SYSTICK_Config)
    i.HAL_SYSTICK_IRQHandler                 0x08001fce   Section        0  stm32f4xx_hal_cortex.o(i.HAL_SYSTICK_IRQHandler)
    i.HardFault_Handler                      0x08001fd6   Section        0  stm32f4xx_it.o(i.HardFault_Handler)
    i.MX_USB_DEVICE_Init                     0x08001fd8   Section        0  usb_device.o(i.MX_USB_DEVICE_Init)
    i.MemManage_Handler                      0x08002010   Section        0  stm32f4xx_it.o(i.MemManage_Handler)
    i.NMI_Handler                            0x08002012   Section        0  stm32f4xx_it.o(i.NMI_Handler)
    i.NVIC_SetPriority                       0x08002014   Section        0  stm32f4xx_hal_cortex.o(i.NVIC_SetPriority)
    NVIC_SetPriority                         0x08002015   Thumb Code    32  stm32f4xx_hal_cortex.o(i.NVIC_SetPriority)
    i.OTG_FS_IRQHandler                      0x08002034   Section        0  stm32f4xx_it.o(i.OTG_FS_IRQHandler)
    i.PCD_WriteEmptyTxFifo                   0x08002040   Section        0  stm32f4xx_hal_pcd.o(i.PCD_WriteEmptyTxFifo)
    PCD_WriteEmptyTxFifo                     0x08002041   Thumb Code   136  stm32f4xx_hal_pcd.o(i.PCD_WriteEmptyTxFifo)
    i.PendSV_Handler                         0x080020c8   Section        0  stm32f4xx_it.o(i.PendSV_Handler)
    i.SVC_Handler                            0x080020ca   Section        0  stm32f4xx_it.o(i.SVC_Handler)
    i.SysTick_Handler                        0x080020cc   Section        0  stm32f4xx_it.o(i.SysTick_Handler)
    i.SystemClock_Config                     0x080020dc   Section        0  main.o(i.SystemClock_Config)
    i.SystemInit                             0x08002178   Section        0  system_stm32f4xx.o(i.SystemInit)
    i.TripleADC_Init                         0x080021cc   Section        0  main.o(i.TripleADC_Init)
    TripleADC_Init                           0x080021cd   Thumb Code   186  main.o(i.TripleADC_Init)
    i.USBD_CDC_DataIn                        0x08002298   Section        0  usbd_cdc.o(i.USBD_CDC_DataIn)
    USBD_CDC_DataIn                          0x08002299   Thumb Code    20  usbd_cdc.o(i.USBD_CDC_DataIn)
    i.USBD_CDC_DataOut                       0x080022ac   Section        0  usbd_cdc.o(i.USBD_CDC_DataOut)
    USBD_CDC_DataOut                         0x080022ad   Thumb Code    46  usbd_cdc.o(i.USBD_CDC_DataOut)
    i.USBD_CDC_DeInit                        0x080022da   Section        0  usbd_cdc.o(i.USBD_CDC_DeInit)
    USBD_CDC_DeInit                          0x080022db   Thumb Code    60  usbd_cdc.o(i.USBD_CDC_DeInit)
    i.USBD_CDC_EP0_RxReady                   0x08002316   Section        0  usbd_cdc.o(i.USBD_CDC_EP0_RxReady)
    USBD_CDC_EP0_RxReady                     0x08002317   Thumb Code    36  usbd_cdc.o(i.USBD_CDC_EP0_RxReady)
    i.USBD_CDC_GetDeviceQualifierDescriptor  0x0800233c   Section        0  usbd_cdc.o(i.USBD_CDC_GetDeviceQualifierDescriptor)
    i.USBD_CDC_GetFSCfgDesc                  0x08002348   Section        0  usbd_cdc.o(i.USBD_CDC_GetFSCfgDesc)
    USBD_CDC_GetFSCfgDesc                    0x08002349   Thumb Code     8  usbd_cdc.o(i.USBD_CDC_GetFSCfgDesc)
    i.USBD_CDC_GetHSCfgDesc                  0x08002354   Section        0  usbd_cdc.o(i.USBD_CDC_GetHSCfgDesc)
    USBD_CDC_GetHSCfgDesc                    0x08002355   Thumb Code     8  usbd_cdc.o(i.USBD_CDC_GetHSCfgDesc)
    i.USBD_CDC_GetOtherSpeedCfgDesc          0x08002360   Section        0  usbd_cdc.o(i.USBD_CDC_GetOtherSpeedCfgDesc)
    USBD_CDC_GetOtherSpeedCfgDesc            0x08002361   Thumb Code     8  usbd_cdc.o(i.USBD_CDC_GetOtherSpeedCfgDesc)
    i.USBD_CDC_Init                          0x0800236c   Section        0  usbd_cdc.o(i.USBD_CDC_Init)
    USBD_CDC_Init                            0x0800236d   Thumb Code   136  usbd_cdc.o(i.USBD_CDC_Init)
    i.USBD_CDC_ReceivePacket                 0x080023f4   Section        0  usbd_cdc.o(i.USBD_CDC_ReceivePacket)
    i.USBD_CDC_RegisterInterface             0x0800241c   Section        0  usbd_cdc.o(i.USBD_CDC_RegisterInterface)
    i.USBD_CDC_SetRxBuffer                   0x0800242c   Section        0  usbd_cdc.o(i.USBD_CDC_SetRxBuffer)
    i.USBD_CDC_SetTxBuffer                   0x08002438   Section        0  usbd_cdc.o(i.USBD_CDC_SetTxBuffer)
    i.USBD_CDC_Setup                         0x08002448   Section        0  usbd_cdc.o(i.USBD_CDC_Setup)
    USBD_CDC_Setup                           0x08002449   Thumb Code   106  usbd_cdc.o(i.USBD_CDC_Setup)
    i.USBD_ClrClassConfig                    0x080024b8   Section        0  usbd_core.o(i.USBD_ClrClassConfig)
    i.USBD_CtlContinueRx                     0x080024c6   Section        0  usbd_ioreq.o(i.USBD_CtlContinueRx)
    i.USBD_CtlContinueSendData               0x080024d6   Section        0  usbd_ioreq.o(i.USBD_CtlContinueSendData)
    i.USBD_CtlError                          0x080024e6   Section        0  usbd_ctlreq.o(i.USBD_CtlError)
    i.USBD_CtlPrepareRx                      0x080024fc   Section        0  usbd_ioreq.o(i.USBD_CtlPrepareRx)
    i.USBD_CtlReceiveStatus                  0x0800251a   Section        0  usbd_ioreq.o(i.USBD_CtlReceiveStatus)
    i.USBD_CtlSendData                       0x08002530   Section        0  usbd_ioreq.o(i.USBD_CtlSendData)
    i.USBD_CtlSendStatus                     0x0800254a   Section        0  usbd_ioreq.o(i.USBD_CtlSendStatus)
    i.USBD_FS_ConfigStrDescriptor            0x08002560   Section        0  usbd_desc.o(i.USBD_FS_ConfigStrDescriptor)
    i.USBD_FS_DeviceDescriptor               0x08002580   Section        0  usbd_desc.o(i.USBD_FS_DeviceDescriptor)
    i.USBD_FS_InterfaceStrDescriptor         0x0800258c   Section        0  usbd_desc.o(i.USBD_FS_InterfaceStrDescriptor)
    i.USBD_FS_LangIDStrDescriptor            0x080025b0   Section        0  usbd_desc.o(i.USBD_FS_LangIDStrDescriptor)
    i.USBD_FS_ManufacturerStrDescriptor      0x080025bc   Section        0  usbd_desc.o(i.USBD_FS_ManufacturerStrDescriptor)
    i.USBD_FS_ProductStrDescriptor           0x080025e4   Section        0  usbd_desc.o(i.USBD_FS_ProductStrDescriptor)
    i.USBD_FS_SerialStrDescriptor            0x08002610   Section        0  usbd_desc.o(i.USBD_FS_SerialStrDescriptor)
    i.USBD_GetDescriptor                     0x08002634   Section        0  usbd_ctlreq.o(i.USBD_GetDescriptor)
    USBD_GetDescriptor                       0x08002635   Thumb Code   224  usbd_ctlreq.o(i.USBD_GetDescriptor)
    i.USBD_GetString                         0x08002714   Section        0  usbd_ctlreq.o(i.USBD_GetString)
    i.USBD_Init                              0x0800275a   Section        0  usbd_core.o(i.USBD_Init)
    i.USBD_LL_ClearStallEP                   0x08002784   Section        0  usbd_conf.o(i.USBD_LL_ClearStallEP)
    i.USBD_LL_CloseEP                        0x08002792   Section        0  usbd_conf.o(i.USBD_LL_CloseEP)
    i.USBD_LL_DataInStage                    0x080027a0   Section        0  usbd_core.o(i.USBD_LL_DataInStage)
    i.USBD_LL_DataOutStage                   0x0800284a   Section        0  usbd_core.o(i.USBD_LL_DataOutStage)
    i.USBD_LL_DevConnected                   0x080028b4   Section        0  usbd_core.o(i.USBD_LL_DevConnected)
    i.USBD_LL_DevDisconnected                0x080028b8   Section        0  usbd_core.o(i.USBD_LL_DevDisconnected)
    i.USBD_LL_GetRxDataSize                  0x080028ce   Section        0  usbd_conf.o(i.USBD_LL_GetRxDataSize)
    i.USBD_LL_Init                           0x080028d8   Section        0  usbd_conf.o(i.USBD_LL_Init)
    i.USBD_LL_IsStallEP                      0x08002938   Section        0  usbd_conf.o(i.USBD_LL_IsStallEP)
    i.USBD_LL_IsoINIncomplete                0x08002958   Section        0  usbd_core.o(i.USBD_LL_IsoINIncomplete)
    i.USBD_LL_IsoOUTIncomplete               0x0800295c   Section        0  usbd_core.o(i.USBD_LL_IsoOUTIncomplete)
    i.USBD_LL_OpenEP                         0x08002960   Section        0  usbd_conf.o(i.USBD_LL_OpenEP)
    i.USBD_LL_PrepareReceive                 0x08002974   Section        0  usbd_conf.o(i.USBD_LL_PrepareReceive)
    i.USBD_LL_Reset                          0x08002982   Section        0  usbd_core.o(i.USBD_LL_Reset)
    i.USBD_LL_Resume                         0x080029c0   Section        0  usbd_core.o(i.USBD_LL_Resume)
    i.USBD_LL_SOF                            0x080029cc   Section        0  usbd_core.o(i.USBD_LL_SOF)
    i.USBD_LL_SetSpeed                       0x080029e4   Section        0  usbd_core.o(i.USBD_LL_SetSpeed)
    i.USBD_LL_SetUSBAddress                  0x080029ea   Section        0  usbd_conf.o(i.USBD_LL_SetUSBAddress)
    i.USBD_LL_SetupStage                     0x080029f8   Section        0  usbd_core.o(i.USBD_LL_SetupStage)
    i.USBD_LL_StallEP                        0x08002a52   Section        0  usbd_conf.o(i.USBD_LL_StallEP)
    i.USBD_LL_Start                          0x08002a60   Section        0  usbd_conf.o(i.USBD_LL_Start)
    i.USBD_LL_Suspend                        0x08002a6e   Section        0  usbd_core.o(i.USBD_LL_Suspend)
    i.USBD_LL_Transmit                       0x08002a80   Section        0  usbd_conf.o(i.USBD_LL_Transmit)
    i.USBD_ParseSetupRequest                 0x08002a8e   Section        0  usbd_ctlreq.o(i.USBD_ParseSetupRequest)
    i.USBD_RegisterClass                     0x08002ab6   Section        0  usbd_core.o(i.USBD_RegisterClass)
    i.USBD_SetClassConfig                    0x08002ac6   Section        0  usbd_core.o(i.USBD_SetClassConfig)
    i.USBD_SetConfig                         0x08002adc   Section        0  usbd_ctlreq.o(i.USBD_SetConfig)
    USBD_SetConfig                           0x08002add   Thumb Code   110  usbd_ctlreq.o(i.USBD_SetConfig)
    i.USBD_Start                             0x08002b50   Section        0  usbd_core.o(i.USBD_Start)
    i.USBD_StdDevReq                         0x08002b5a   Section        0  usbd_ctlreq.o(i.USBD_StdDevReq)
    i.USBD_StdEPReq                          0x08002c4c   Section        0  usbd_ctlreq.o(i.USBD_StdEPReq)
    i.USBD_StdItfReq                         0x08002d28   Section        0  usbd_ctlreq.o(i.USBD_StdItfReq)
    i.USB_ActivateEndpoint                   0x08002d5c   Section        0  stm32f4xx_ll_usb.o(i.USB_ActivateEndpoint)
    i.USB_ActivateSetup                      0x08002ddc   Section        0  stm32f4xx_ll_usb.o(i.USB_ActivateSetup)
    i.USB_CoreInit                           0x08002e10   Section        0  stm32f4xx_ll_usb.o(i.USB_CoreInit)
    i.USB_CoreReset                          0x08002e74   Section        0  stm32f4xx_ll_usb.o(i.USB_CoreReset)
    USB_CoreReset                            0x08002e75   Thumb Code    50  stm32f4xx_ll_usb.o(i.USB_CoreReset)
    i.USB_DeactivateEndpoint                 0x08002eac   Section        0  stm32f4xx_ll_usb.o(i.USB_DeactivateEndpoint)
    i.USB_DevConnect                         0x08002f1a   Section        0  stm32f4xx_ll_usb.o(i.USB_DevConnect)
    i.USB_DevDisconnect                      0x08002f32   Section        0  stm32f4xx_ll_usb.o(i.USB_DevDisconnect)
    i.USB_DevInit                            0x08002f4c   Section        0  stm32f4xx_ll_usb.o(i.USB_DevInit)
    i.USB_DisableGlobalInt                   0x08003090   Section        0  stm32f4xx_ll_usb.o(i.USB_DisableGlobalInt)
    i.USB_EP0StartXfer                       0x0800309c   Section        0  stm32f4xx_ll_usb.o(i.USB_EP0StartXfer)
    i.USB_EP0_OutStart                       0x080031dc   Section        0  stm32f4xx_ll_usb.o(i.USB_EP0_OutStart)
    i.USB_EPClearStall                       0x0800321a   Section        0  stm32f4xx_ll_usb.o(i.USB_EPClearStall)
    i.USB_EPSetStall                         0x0800327e   Section        0  stm32f4xx_ll_usb.o(i.USB_EPSetStall)
    i.USB_EPStartXfer                        0x080032dc   Section        0  stm32f4xx_ll_usb.o(i.USB_EPStartXfer)
    i.USB_EnableGlobalInt                    0x080034f8   Section        0  stm32f4xx_ll_usb.o(i.USB_EnableGlobalInt)
    i.USB_FlushRxFifo                        0x08003504   Section        0  stm32f4xx_ll_usb.o(i.USB_FlushRxFifo)
    i.USB_FlushTxFifo                        0x08003524   Section        0  stm32f4xx_ll_usb.o(i.USB_FlushTxFifo)
    i.USB_GetDevSpeed                        0x08003548   Section        0  stm32f4xx_ll_usb.o(i.USB_GetDevSpeed)
    i.USB_GetMode                            0x08003584   Section        0  stm32f4xx_ll_usb.o(i.USB_GetMode)
    i.USB_ReadDevAllInEpInterrupt            0x0800358c   Section        0  stm32f4xx_ll_usb.o(i.USB_ReadDevAllInEpInterrupt)
    i.USB_ReadDevAllOutEpInterrupt           0x0800359a   Section        0  stm32f4xx_ll_usb.o(i.USB_ReadDevAllOutEpInterrupt)
    i.USB_ReadDevInEPInterrupt               0x080035a8   Section        0  stm32f4xx_ll_usb.o(i.USB_ReadDevInEPInterrupt)
    i.USB_ReadDevOutEPInterrupt              0x080035c6   Section        0  stm32f4xx_ll_usb.o(i.USB_ReadDevOutEPInterrupt)
    i.USB_ReadInterrupts                     0x080035d6   Section        0  stm32f4xx_ll_usb.o(i.USB_ReadInterrupts)
    i.USB_ReadPacket                         0x080035de   Section        0  stm32f4xx_ll_usb.o(i.USB_ReadPacket)
    i.USB_SetCurrentMode                     0x080035fe   Section        0  stm32f4xx_ll_usb.o(i.USB_SetCurrentMode)
    i.USB_SetDevAddress                      0x0800362a   Section        0  stm32f4xx_ll_usb.o(i.USB_SetDevAddress)
    i.USB_WritePacket                        0x0800364c   Section        0  stm32f4xx_ll_usb.o(i.USB_WritePacket)
    i.UsageFault_Handler                     0x08003674   Section        0  stm32f4xx_it.o(i.UsageFault_Handler)
    i.__scatterload_copy                     0x08003676   Section       14  handlers.o(i.__scatterload_copy)
    i.__scatterload_null                     0x08003684   Section        2  handlers.o(i.__scatterload_null)
    i.__scatterload_zeroinit                 0x08003686   Section       14  handlers.o(i.__scatterload_zeroinit)
    i.free                                   0x08003694   Section        0  malloc.o(i.free)
    i.main                                   0x080036e4   Section        0  main.o(i.main)
    i.malloc                                 0x080037e0   Section        0  malloc.o(i.malloc)
    .constdata                               0x0800384c   Section        8  stm32f4xx_hal_dma.o(.constdata)
    flagBitshiftOffset                       0x0800384c   Data           8  stm32f4xx_hal_dma.o(.constdata)
    .constdata                               0x08003854   Section       16  stm32f4xx_hal_rcc.o(.constdata)
    .data                                    0x20000000   Section        4  system_stm32f4xx.o(.data)
    .data                                    0x20000004   Section        1  usbd_ctlreq.o(.data)
    cfgidx                                   0x20000004   Data           1  usbd_ctlreq.o(.data)
    .data                                    0x20000008   Section      219  usbd_cdc.o(.data)
    ifalt                                    0x20000008   Data           1  usbd_cdc.o(.data)
    USBD_CDC_DeviceQualifierDesc             0x2000000c   Data          10  usbd_cdc.o(.data)
    .data                                    0x200000e4   Section       56  usbd_cdc.o(.data)
    .data                                    0x2000011c   Section       16  usbd_cdc_if.o(.data)
    .data                                    0x2000012c   Section        3  usbd_cdc_if.o(.data)
    .data                                    0x20000130   Section       28  usbd_desc.o(.data)
    .data                                    0x2000014c   Section       22  usbd_desc.o(.data)
    .data                                    0x20000162   Section        3  main.o(.data)
    .data                                    0x20000165   Section        1  main.o(.data)
    .data                                    0x20000168   Section        4  stm32f4xx_hal.o(.data)
    .data                                    0x2000016c   Section        4  mvars.o(.data)
    .data                                    0x20000170   Section        4  mvars.o(.data)
    .bss                                     0x20000174   Section       64  usbd_cdc_if.o(.bss)
    .bss                                     0x200001b4   Section      512  usbd_desc.o(.bss)
    .bss                                     0x200003b4   Section      548  usb_device.o(.bss)
    .bss                                     0x200005d8   Section      344  main.o(.bss)
    .bss                                     0x20000730   Section       96  main.o(.bss)
    .bss                                     0x20000790   Section      952  usbd_conf.o(.bss)
    HEAP                                     0x20000b48   Section     8192  startup_stm32f429xx.o(HEAP)
    STACK                                    0x20002b48   Section    16384  startup_stm32f429xx.o(STACK)

    Global Symbols

    Symbol Name                              Value     Ov Type        Size  Object(Section)

    BuildAttributes$$THM_ISAv4$E$P$D$K$B$S$7EM$VFPi3$EXTD16$VFPS$VFMA$PE$A:L22UL41UL21$X:L11$S22US41US21$IEEE1$IW$USESV6$~STKCKD$USESV7$~SHL$OSPACE$EBA8$MICROLIB$REQ8$PRES8$EABIv2 0x00000000   Number         0  anon$$obj.o ABSOLUTE
    __ARM_use_no_argv                        0x00000000   Number         0  main.o ABSOLUTE
    __cpp_initialize__aeabi_                  - Undefined Weak Reference
    __cxa_finalize                            - Undefined Weak Reference
    _clock_init                               - Undefined Weak Reference
    _microlib_exit                            - Undefined Weak Reference
    __Vectors_Size                           0x000001ac   Number         0  startup_stm32f429xx.o ABSOLUTE
    __Vectors                                0x08000000   Data           4  startup_stm32f429xx.o(RESET)
    __Vectors_End                            0x080001ac   Data           0  startup_stm32f429xx.o(RESET)
    __main                                   0x080001ad   Thumb Code     0  entry.o(.ARM.Collect$$$$00000000)
    _main_stk                                0x080001ad   Thumb Code     0  entry2.o(.ARM.Collect$$$$00000001)
    _main_scatterload                        0x080001b1   Thumb Code     0  entry5.o(.ARM.Collect$$$$00000004)
    __main_after_scatterload                 0x080001b5   Thumb Code     0  entry5.o(.ARM.Collect$$$$00000004)
    _main_clock                              0x080001b5   Thumb Code     0  entry7b.o(.ARM.Collect$$$$00000008)
    _main_cpp_init                           0x080001b5   Thumb Code     0  entry8b.o(.ARM.Collect$$$$0000000A)
    _main_init                               0x080001b5   Thumb Code     0  entry9a.o(.ARM.Collect$$$$0000000B)
    __rt_final_cpp                           0x080001bd   Thumb Code     0  entry10a.o(.ARM.Collect$$$$0000000D)
    __rt_final_exit                          0x080001bd   Thumb Code     0  entry11a.o(.ARM.Collect$$$$0000000F)
    Reset_Handler                            0x080001c1   Thumb Code     8  startup_stm32f429xx.o(.text)
    ADC_IRQHandler                           0x080001db   Thumb Code     0  startup_stm32f429xx.o(.text)
    CAN1_RX0_IRQHandler                      0x080001db   Thumb Code     0  startup_stm32f429xx.o(.text)
    CAN1_RX1_IRQHandler                      0x080001db   Thumb Code     0  startup_stm32f429xx.o(.text)
    CAN1_SCE_IRQHandler                      0x080001db   Thumb Code     0  startup_stm32f429xx.o(.text)
    CAN1_TX_IRQHandler                       0x080001db   Thumb Code     0  startup_stm32f429xx.o(.text)
    CAN2_RX0_IRQHandler                      0x080001db   Thumb Code     0  startup_stm32f429xx.o(.text)
    CAN2_RX1_IRQHandler                      0x080001db   Thumb Code     0  startup_stm32f429xx.o(.text)
    CAN2_SCE_IRQHandler                      0x080001db   Thumb Code     0  startup_stm32f429xx.o(.text)
    CAN2_TX_IRQHandler                       0x080001db   Thumb Code     0  startup_stm32f429xx.o(.text)
    DCMI_IRQHandler                          0x080001db   Thumb Code     0  startup_stm32f429xx.o(.text)
    DMA1_Stream0_IRQHandler                  0x080001db   Thumb Code     0  startup_stm32f429xx.o(.text)
    DMA1_Stream1_IRQHandler                  0x080001db   Thumb Code     0  startup_stm32f429xx.o(.text)
    DMA1_Stream2_IRQHandler                  0x080001db   Thumb Code     0  startup_stm32f429xx.o(.text)
    DMA1_Stream3_IRQHandler                  0x080001db   Thumb Code     0  startup_stm32f429xx.o(.text)
    DMA1_Stream4_IRQHandler                  0x080001db   Thumb Code     0  startup_stm32f429xx.o(.text)
    DMA1_Stream5_IRQHandler                  0x080001db   Thumb Code     0  startup_stm32f429xx.o(.text)
    DMA1_Stream6_IRQHandler                  0x080001db   Thumb Code     0  startup_stm32f429xx.o(.text)
    DMA1_Stream7_IRQHandler                  0x080001db   Thumb Code     0  startup_stm32f429xx.o(.text)
    DMA2D_IRQHandler                         0x080001db   Thumb Code     0  startup_stm32f429xx.o(.text)
    DMA2_Stream1_IRQHandler                  0x080001db   Thumb Code     0  startup_stm32f429xx.o(.text)
    DMA2_Stream2_IRQHandler                  0x080001db   Thumb Code     0  startup_stm32f429xx.o(.text)
    DMA2_Stream3_IRQHandler                  0x080001db   Thumb Code     0  startup_stm32f429xx.o(.text)
    DMA2_Stream4_IRQHandler                  0x080001db   Thumb Code     0  startup_stm32f429xx.o(.text)
    DMA2_Stream5_IRQHandler                  0x080001db   Thumb Code     0  startup_stm32f429xx.o(.text)
    DMA2_Stream6_IRQHandler                  0x080001db   Thumb Code     0  startup_stm32f429xx.o(.text)
    DMA2_Stream7_IRQHandler                  0x080001db   Thumb Code     0  startup_stm32f429xx.o(.text)
    ETH_IRQHandler                           0x080001db   Thumb Code     0  startup_stm32f429xx.o(.text)
    ETH_WKUP_IRQHandler                      0x080001db   Thumb Code     0  startup_stm32f429xx.o(.text)
    EXTI0_IRQHandler                         0x080001db   Thumb Code     0  startup_stm32f429xx.o(.text)
    EXTI15_10_IRQHandler                     0x080001db   Thumb Code     0  startup_stm32f429xx.o(.text)
    EXTI1_IRQHandler                         0x080001db   Thumb Code     0  startup_stm32f429xx.o(.text)
    EXTI2_IRQHandler                         0x080001db   Thumb Code     0  startup_stm32f429xx.o(.text)
    EXTI3_IRQHandler                         0x080001db   Thumb Code     0  startup_stm32f429xx.o(.text)
    EXTI4_IRQHandler                         0x080001db   Thumb Code     0  startup_stm32f429xx.o(.text)
    EXTI9_5_IRQHandler                       0x080001db   Thumb Code     0  startup_stm32f429xx.o(.text)
    FLASH_IRQHandler                         0x080001db   Thumb Code     0  startup_stm32f429xx.o(.text)
    FMC_IRQHandler                           0x080001db   Thumb Code     0  startup_stm32f429xx.o(.text)
    FPU_IRQHandler                           0x080001db   Thumb Code     0  startup_stm32f429xx.o(.text)
    HASH_RNG_IRQHandler                      0x080001db   Thumb Code     0  startup_stm32f429xx.o(.text)
    I2C1_ER_IRQHandler                       0x080001db   Thumb Code     0  startup_stm32f429xx.o(.text)
    I2C1_EV_IRQHandler                       0x080001db   Thumb Code     0  startup_stm32f429xx.o(.text)
    I2C2_ER_IRQHandler                       0x080001db   Thumb Code     0  startup_stm32f429xx.o(.text)
    I2C2_EV_IRQHandler                       0x080001db   Thumb Code     0  startup_stm32f429xx.o(.text)
    I2C3_ER_IRQHandler                       0x080001db   Thumb Code     0  startup_stm32f429xx.o(.text)
    I2C3_EV_IRQHandler                       0x080001db   Thumb Code     0  startup_stm32f429xx.o(.text)
    LTDC_ER_IRQHandler                       0x080001db   Thumb Code     0  startup_stm32f429xx.o(.text)
    LTDC_IRQHandler                          0x080001db   Thumb Code     0  startup_stm32f429xx.o(.text)
    OTG_FS_WKUP_IRQHandler                   0x080001db   Thumb Code     0  startup_stm32f429xx.o(.text)
    OTG_HS_EP1_IN_IRQHandler                 0x080001db   Thumb Code     0  startup_stm32f429xx.o(.text)
    OTG_HS_EP1_OUT_IRQHandler                0x080001db   Thumb Code     0  startup_stm32f429xx.o(.text)
    OTG_HS_IRQHandler                        0x080001db   Thumb Code     0  startup_stm32f429xx.o(.text)
    OTG_HS_WKUP_IRQHandler                   0x080001db   Thumb Code     0  startup_stm32f429xx.o(.text)
    PVD_IRQHandler                           0x080001db   Thumb Code     0  startup_stm32f429xx.o(.text)
    RCC_IRQHandler                           0x080001db   Thumb Code     0  startup_stm32f429xx.o(.text)
    RTC_Alarm_IRQHandler                     0x080001db   Thumb Code     0  startup_stm32f429xx.o(.text)
    RTC_WKUP_IRQHandler                      0x080001db   Thumb Code     0  startup_stm32f429xx.o(.text)
    SAI1_IRQHandler                          0x080001db   Thumb Code     0  startup_stm32f429xx.o(.text)
    SDIO_IRQHandler                          0x080001db   Thumb Code     0  startup_stm32f429xx.o(.text)
    SPI1_IRQHandler                          0x080001db   Thumb Code     0  startup_stm32f429xx.o(.text)
    SPI2_IRQHandler                          0x080001db   Thumb Code     0  startup_stm32f429xx.o(.text)
    SPI3_IRQHandler                          0x080001db   Thumb Code     0  startup_stm32f429xx.o(.text)
    SPI4_IRQHandler                          0x080001db   Thumb Code     0  startup_stm32f429xx.o(.text)
    SPI5_IRQHandler                          0x080001db   Thumb Code     0  startup_stm32f429xx.o(.text)
    SPI6_IRQHandler                          0x080001db   Thumb Code     0  startup_stm32f429xx.o(.text)
    TAMP_STAMP_IRQHandler                    0x080001db   Thumb Code     0  startup_stm32f429xx.o(.text)
    TIM1_BRK_TIM9_IRQHandler                 0x080001db   Thumb Code     0  startup_stm32f429xx.o(.text)
    TIM1_CC_IRQHandler                       0x080001db   Thumb Code     0  startup_stm32f429xx.o(.text)
    TIM1_TRG_COM_TIM11_IRQHandler            0x080001db   Thumb Code     0  startup_stm32f429xx.o(.text)
    TIM1_UP_TIM10_IRQHandler                 0x080001db   Thumb Code     0  startup_stm32f429xx.o(.text)
    TIM2_IRQHandler                          0x080001db   Thumb Code     0  startup_stm32f429xx.o(.text)
    TIM3_IRQHandler                          0x080001db   Thumb Code     0  startup_stm32f429xx.o(.text)
    TIM4_IRQHandler                          0x080001db   Thumb Code     0  startup_stm32f429xx.o(.text)
    TIM5_IRQHandler                          0x080001db   Thumb Code     0  startup_stm32f429xx.o(.text)
    TIM6_DAC_IRQHandler                      0x080001db   Thumb Code     0  startup_stm32f429xx.o(.text)
    TIM7_IRQHandler                          0x080001db   Thumb Code     0  startup_stm32f429xx.o(.text)
    TIM8_BRK_TIM12_IRQHandler                0x080001db   Thumb Code     0  startup_stm32f429xx.o(.text)
    TIM8_CC_IRQHandler                       0x080001db   Thumb Code     0  startup_stm32f429xx.o(.text)
    TIM8_TRG_COM_TIM14_IRQHandler            0x080001db   Thumb Code     0  startup_stm32f429xx.o(.text)
    TIM8_UP_TIM13_IRQHandler                 0x080001db   Thumb Code     0  startup_stm32f429xx.o(.text)
    UART4_IRQHandler                         0x080001db   Thumb Code     0  startup_stm32f429xx.o(.text)
    UART5_IRQHandler                         0x080001db   Thumb Code     0  startup_stm32f429xx.o(.text)
    UART7_IRQHandler                         0x080001db   Thumb Code     0  startup_stm32f429xx.o(.text)
    UART8_IRQHandler                         0x080001db   Thumb Code     0  startup_stm32f429xx.o(.text)
    USART1_IRQHandler                        0x080001db   Thumb Code     0  startup_stm32f429xx.o(.text)
    USART2_IRQHandler                        0x080001db   Thumb Code     0  startup_stm32f429xx.o(.text)
    USART3_IRQHandler                        0x080001db   Thumb Code     0  startup_stm32f429xx.o(.text)
    USART6_IRQHandler                        0x080001db   Thumb Code     0  startup_stm32f429xx.o(.text)
    WWDG_IRQHandler                          0x080001db   Thumb Code     0  startup_stm32f429xx.o(.text)
    __aeabi_memcpy                           0x080001e5   Thumb Code    36  memcpya.o(.text)
    __aeabi_memcpy4                          0x080001e5   Thumb Code     0  memcpya.o(.text)
    __aeabi_memcpy8                          0x080001e5   Thumb Code     0  memcpya.o(.text)
    __scatterload                            0x08000209   Thumb Code    28  init.o(.text)
    __scatterload_rt2                        0x08000209   Thumb Code     0  init.o(.text)
    __decompress                             0x0800022d   Thumb Code     0  __dczerorl2.o(.text)
    __decompress1                            0x0800022d   Thumb Code    86  __dczerorl2.o(.text)
    BusFault_Handler                         0x0800042b   Thumb Code     2  stm32f4xx_it.o(i.BusFault_Handler)
    DMA2_Stream0_IRQHandler                  0x08000481   Thumb Code     6  stm32f4xx_it.o(i.DMA2_Stream0_IRQHandler)
    DebugMon_Handler                         0x08000531   Thumb Code     2  stm32f4xx_it.o(i.DebugMon_Handler)
    Error_Handler                            0x08000533   Thumb Code     2  main.o(i.Error_Handler)
    HAL_ADCEx_MultiModeConfigChannel         0x08000535   Thumb Code   102  stm32f4xx_hal_adc_ex.o(i.HAL_ADCEx_MultiModeConfigChannel)
    HAL_ADCEx_MultiModeStart_DMA             0x080005a1   Thumb Code   226  stm32f4xx_hal_adc_ex.o(i.HAL_ADCEx_MultiModeStart_DMA)
    HAL_ADCEx_MultiModeStop_DMA              0x080006a1   Thumb Code    94  stm32f4xx_hal_adc_ex.o(i.HAL_ADCEx_MultiModeStop_DMA)
    HAL_ADC_ConfigChannel                    0x08000705   Thumb Code   324  stm32f4xx_hal_adc.o(i.HAL_ADC_ConfigChannel)
    HAL_ADC_ConvCpltCallback                 0x08000859   Thumb Code     8  main.o(i.HAL_ADC_ConvCpltCallback)
    HAL_ADC_ConvHalfCpltCallback             0x08000865   Thumb Code     2  stm32f4xx_hal_adc.o(i.HAL_ADC_ConvHalfCpltCallback)
    HAL_ADC_ErrorCallback                    0x08000867   Thumb Code     2  stm32f4xx_hal_adc.o(i.HAL_ADC_ErrorCallback)
    HAL_ADC_Init                             0x08000869   Thumb Code    84  stm32f4xx_hal_adc.o(i.HAL_ADC_Init)
    HAL_ADC_MspInit                          0x080008bd   Thumb Code   174  stm32f4xx_hal_msp.o(i.HAL_ADC_MspInit)
    HAL_ADC_Start                            0x08000989   Thumb Code   170  stm32f4xx_hal_adc.o(i.HAL_ADC_Start)
    HAL_ADC_Stop                             0x08000a41   Thumb Code    60  stm32f4xx_hal_adc.o(i.HAL_ADC_Stop)
    HAL_DMA_Abort                            0x08000a7d   Thumb Code   142  stm32f4xx_hal_dma.o(i.HAL_DMA_Abort)
    HAL_DMA_IRQHandler                       0x08000b0d   Thumb Code   414  stm32f4xx_hal_dma.o(i.HAL_DMA_IRQHandler)
    HAL_DMA_Init                             0x08000cb5   Thumb Code   202  stm32f4xx_hal_dma.o(i.HAL_DMA_Init)
    HAL_DMA_Start_IT                         0x08000d85   Thumb Code   120  stm32f4xx_hal_dma.o(i.HAL_DMA_Start_IT)
    HAL_Delay                                0x08000dfd   Thumb Code    22  stm32f4xx_hal.o(i.HAL_Delay)
    HAL_GPIO_Init                            0x08000e15   Thumb Code   408  stm32f4xx_hal_gpio.o(i.HAL_GPIO_Init)
    HAL_GPIO_ReadPin                         0x08000fe1   Thumb Code    10  stm32f4xx_hal_gpio.o(i.HAL_GPIO_ReadPin)
    HAL_GetTick                              0x08000fed   Thumb Code     6  stm32f4xx_hal.o(i.HAL_GetTick)
    HAL_IncTick                              0x08000ff9   Thumb Code    10  stm32f4xx_hal.o(i.HAL_IncTick)
    HAL_Init                                 0x08001009   Thumb Code    48  stm32f4xx_hal.o(i.HAL_Init)
    HAL_InitTick                             0x0800103d   Thumb Code    34  stm32f4xx_hal.o(i.HAL_InitTick)
    HAL_MspInit                              0x08001065   Thumb Code    88  stm32f4xx_hal_msp.o(i.HAL_MspInit)
    HAL_NVIC_EnableIRQ                       0x080010bd   Thumb Code    22  stm32f4xx_hal_cortex.o(i.HAL_NVIC_EnableIRQ)
    HAL_NVIC_SetPriority                     0x080010d5   Thumb Code    60  stm32f4xx_hal_cortex.o(i.HAL_NVIC_SetPriority)
    HAL_NVIC_SetPriorityGrouping             0x08001115   Thumb Code    26  stm32f4xx_hal_cortex.o(i.HAL_NVIC_SetPriorityGrouping)
    HAL_PCDEx_SetRxFiFo                      0x08001139   Thumb Code     8  stm32f4xx_hal_pcd_ex.o(i.HAL_PCDEx_SetRxFiFo)
    HAL_PCDEx_SetTxFiFo                      0x08001141   Thumb Code    68  stm32f4xx_hal_pcd_ex.o(i.HAL_PCDEx_SetTxFiFo)
    HAL_PCD_ConnectCallback                  0x08001185   Thumb Code     8  usbd_conf.o(i.HAL_PCD_ConnectCallback)
    HAL_PCD_DataInStageCallback              0x0800118d   Thumb Code    18  usbd_conf.o(i.HAL_PCD_DataInStageCallback)
    HAL_PCD_DataOutStageCallback             0x0800119f   Thumb Code    20  usbd_conf.o(i.HAL_PCD_DataOutStageCallback)
    HAL_PCD_DisconnectCallback               0x080011b3   Thumb Code     8  usbd_conf.o(i.HAL_PCD_DisconnectCallback)
    HAL_PCD_EP_Close                         0x080011bb   Thumb Code    68  stm32f4xx_hal_pcd.o(i.HAL_PCD_EP_Close)
    HAL_PCD_EP_ClrStall                      0x080011ff   Thumb Code    80  stm32f4xx_hal_pcd.o(i.HAL_PCD_EP_ClrStall)
    HAL_PCD_EP_GetRxCount                    0x0800124f   Thumb Code    20  stm32f4xx_hal_pcd.o(i.HAL_PCD_EP_GetRxCount)
    HAL_PCD_EP_Open                          0x08001263   Thumb Code    84  stm32f4xx_hal_pcd.o(i.HAL_PCD_EP_Open)
    HAL_PCD_EP_Receive                       0x080012b9   Thumb Code    94  stm32f4xx_hal_pcd.o(i.HAL_PCD_EP_Receive)
    HAL_PCD_EP_SetStall                      0x08001317   Thumb Code    96  stm32f4xx_hal_pcd.o(i.HAL_PCD_EP_SetStall)
    HAL_PCD_EP_Transmit                      0x08001377   Thumb Code    86  stm32f4xx_hal_pcd.o(i.HAL_PCD_EP_Transmit)
    HAL_PCD_IRQHandler                       0x080013cd   Thumb Code  1196  stm32f4xx_hal_pcd.o(i.HAL_PCD_IRQHandler)
    HAL_PCD_ISOINIncompleteCallback          0x080018c1   Thumb Code     8  usbd_conf.o(i.HAL_PCD_ISOINIncompleteCallback)
    HAL_PCD_ISOOUTIncompleteCallback         0x080018c9   Thumb Code     8  usbd_conf.o(i.HAL_PCD_ISOOUTIncompleteCallback)
    HAL_PCD_Init                             0x080018d1   Thumb Code   190  stm32f4xx_hal_pcd.o(i.HAL_PCD_Init)
    HAL_PCD_MspInit                          0x08001991   Thumb Code    92  usbd_conf.o(i.HAL_PCD_MspInit)
    HAL_PCD_ResetCallback                    0x080019f5   Thumb Code    32  usbd_conf.o(i.HAL_PCD_ResetCallback)
    HAL_PCD_ResumeCallback                   0x08001a15   Thumb Code     8  usbd_conf.o(i.HAL_PCD_ResumeCallback)
    HAL_PCD_SOFCallback                      0x08001a1d   Thumb Code     8  usbd_conf.o(i.HAL_PCD_SOFCallback)
    HAL_PCD_SetAddress                       0x08001a25   Thumb Code    36  stm32f4xx_hal_pcd.o(i.HAL_PCD_SetAddress)
    HAL_PCD_SetupStageCallback               0x08001a49   Thumb Code    14  usbd_conf.o(i.HAL_PCD_SetupStageCallback)
    HAL_PCD_Start                            0x08001a57   Thumb Code    42  stm32f4xx_hal_pcd.o(i.HAL_PCD_Start)
    HAL_PCD_SuspendCallback                  0x08001a81   Thumb Code    44  usbd_conf.o(i.HAL_PCD_SuspendCallback)
    HAL_RCC_ClockConfig                      0x08001ab1   Thumb Code   364  stm32f4xx_hal_rcc.o(i.HAL_RCC_ClockConfig)
    HAL_RCC_GetHCLKFreq                      0x08001c2d   Thumb Code     6  stm32f4xx_hal_rcc.o(i.HAL_RCC_GetHCLKFreq)
    HAL_RCC_GetSysClockFreq                  0x08001c39   Thumb Code   104  stm32f4xx_hal_rcc.o(i.HAL_RCC_GetSysClockFreq)
    HAL_RCC_OscConfig                        0x08001ca9   Thumb Code   722  stm32f4xx_hal_rcc.o(i.HAL_RCC_OscConfig)
    HAL_SYSTICK_CLKSourceConfig              0x08001f8d   Thumb Code    24  stm32f4xx_hal_cortex.o(i.HAL_SYSTICK_CLKSourceConfig)
    HAL_SYSTICK_Callback                     0x08001fa5   Thumb Code     2  stm32f4xx_hal_cortex.o(i.HAL_SYSTICK_Callback)
    HAL_SYSTICK_Config                       0x08001fa7   Thumb Code    40  stm32f4xx_hal_cortex.o(i.HAL_SYSTICK_Config)
    HAL_SYSTICK_IRQHandler                   0x08001fcf   Thumb Code     8  stm32f4xx_hal_cortex.o(i.HAL_SYSTICK_IRQHandler)
    HardFault_Handler                        0x08001fd7   Thumb Code     2  stm32f4xx_it.o(i.HardFault_Handler)
    MX_USB_DEVICE_Init                       0x08001fd9   Thumb Code    38  usb_device.o(i.MX_USB_DEVICE_Init)
    MemManage_Handler                        0x08002011   Thumb Code     2  stm32f4xx_it.o(i.MemManage_Handler)
    NMI_Handler                              0x08002013   Thumb Code     2  stm32f4xx_it.o(i.NMI_Handler)
    OTG_FS_IRQHandler                        0x08002035   Thumb Code     6  stm32f4xx_it.o(i.OTG_FS_IRQHandler)
    PendSV_Handler                           0x080020c9   Thumb Code     2  stm32f4xx_it.o(i.PendSV_Handler)
    SVC_Handler                              0x080020cb   Thumb Code     2  stm32f4xx_it.o(i.SVC_Handler)
    SysTick_Handler                          0x080020cd   Thumb Code    14  stm32f4xx_it.o(i.SysTick_Handler)
    SystemClock_Config                       0x080020dd   Thumb Code   148  main.o(i.SystemClock_Config)
    SystemInit                               0x08002179   Thumb Code    66  system_stm32f4xx.o(i.SystemInit)
    USBD_CDC_GetDeviceQualifierDescriptor    0x0800233d   Thumb Code     8  usbd_cdc.o(i.USBD_CDC_GetDeviceQualifierDescriptor)
    USBD_CDC_ReceivePacket                   0x080023f5   Thumb Code    40  usbd_cdc.o(i.USBD_CDC_ReceivePacket)
    USBD_CDC_RegisterInterface               0x0800241d   Thumb Code    16  usbd_cdc.o(i.USBD_CDC_RegisterInterface)
    USBD_CDC_SetRxBuffer                     0x0800242d   Thumb Code    12  usbd_cdc.o(i.USBD_CDC_SetRxBuffer)
    USBD_CDC_SetTxBuffer                     0x08002439   Thumb Code    16  usbd_cdc.o(i.USBD_CDC_SetTxBuffer)
    USBD_ClrClassConfig                      0x080024b9   Thumb Code    14  usbd_core.o(i.USBD_ClrClassConfig)
    USBD_CtlContinueRx                       0x080024c7   Thumb Code    16  usbd_ioreq.o(i.USBD_CtlContinueRx)
    USBD_CtlContinueSendData                 0x080024d7   Thumb Code    16  usbd_ioreq.o(i.USBD_CtlContinueSendData)
    USBD_CtlError                            0x080024e7   Thumb Code    22  usbd_ctlreq.o(i.USBD_CtlError)
    USBD_CtlPrepareRx                        0x080024fd   Thumb Code    30  usbd_ioreq.o(i.USBD_CtlPrepareRx)
    USBD_CtlReceiveStatus                    0x0800251b   Thumb Code    22  usbd_ioreq.o(i.USBD_CtlReceiveStatus)
    USBD_CtlSendData                         0x08002531   Thumb Code    26  usbd_ioreq.o(i.USBD_CtlSendData)
    USBD_CtlSendStatus                       0x0800254b   Thumb Code    22  usbd_ioreq.o(i.USBD_CtlSendStatus)
    USBD_FS_ConfigStrDescriptor              0x08002561   Thumb Code    16  usbd_desc.o(i.USBD_FS_ConfigStrDescriptor)
    USBD_FS_DeviceDescriptor                 0x08002581   Thumb Code     8  usbd_desc.o(i.USBD_FS_DeviceDescriptor)
    USBD_FS_InterfaceStrDescriptor           0x0800258d   Thumb Code    16  usbd_desc.o(i.USBD_FS_InterfaceStrDescriptor)
    USBD_FS_LangIDStrDescriptor              0x080025b1   Thumb Code     8  usbd_desc.o(i.USBD_FS_LangIDStrDescriptor)
    USBD_FS_ManufacturerStrDescriptor        0x080025bd   Thumb Code    16  usbd_desc.o(i.USBD_FS_ManufacturerStrDescriptor)
    USBD_FS_ProductStrDescriptor             0x080025e5   Thumb Code    16  usbd_desc.o(i.USBD_FS_ProductStrDescriptor)
    USBD_FS_SerialStrDescriptor              0x08002611   Thumb Code    16  usbd_desc.o(i.USBD_FS_SerialStrDescriptor)
    USBD_GetString                           0x08002715   Thumb Code    70  usbd_ctlreq.o(i.USBD_GetString)
    USBD_Init                                0x0800275b   Thumb Code    42  usbd_core.o(i.USBD_Init)
    USBD_LL_ClearStallEP                     0x08002785   Thumb Code    14  usbd_conf.o(i.USBD_LL_ClearStallEP)
    USBD_LL_CloseEP                          0x08002793   Thumb Code    14  usbd_conf.o(i.USBD_LL_CloseEP)
    USBD_LL_DataInStage                      0x080027a1   Thumb Code   170  usbd_core.o(i.USBD_LL_DataInStage)
    USBD_LL_DataOutStage                     0x0800284b   Thumb Code   106  usbd_core.o(i.USBD_LL_DataOutStage)
    USBD_LL_DevConnected                     0x080028b5   Thumb Code     4  usbd_core.o(i.USBD_LL_DevConnected)
    USBD_LL_DevDisconnected                  0x080028b9   Thumb Code    22  usbd_core.o(i.USBD_LL_DevDisconnected)
    USBD_LL_GetRxDataSize                    0x080028cf   Thumb Code     8  usbd_conf.o(i.USBD_LL_GetRxDataSize)
    USBD_LL_Init                             0x080028d9   Thumb Code    92  usbd_conf.o(i.USBD_LL_Init)
    USBD_LL_IsStallEP                        0x08002939   Thumb Code    32  usbd_conf.o(i.USBD_LL_IsStallEP)
    USBD_LL_IsoINIncomplete                  0x08002959   Thumb Code     4  usbd_core.o(i.USBD_LL_IsoINIncomplete)
    USBD_LL_IsoOUTIncomplete                 0x0800295d   Thumb Code     4  usbd_core.o(i.USBD_LL_IsoOUTIncomplete)
    USBD_LL_OpenEP                           0x08002961   Thumb Code    20  usbd_conf.o(i.USBD_LL_OpenEP)
    USBD_LL_PrepareReceive                   0x08002975   Thumb Code    14  usbd_conf.o(i.USBD_LL_PrepareReceive)
    USBD_LL_Reset                            0x08002983   Thumb Code    62  usbd_core.o(i.USBD_LL_Reset)
    USBD_LL_Resume                           0x080029c1   Thumb Code    12  usbd_core.o(i.USBD_LL_Resume)
    USBD_LL_SOF                              0x080029cd   Thumb Code    24  usbd_core.o(i.USBD_LL_SOF)
    USBD_LL_SetSpeed                         0x080029e5   Thumb Code     6  usbd_core.o(i.USBD_LL_SetSpeed)
    USBD_LL_SetUSBAddress                    0x080029eb   Thumb Code    14  usbd_conf.o(i.USBD_LL_SetUSBAddress)
    USBD_LL_SetupStage                       0x080029f9   Thumb Code    90  usbd_core.o(i.USBD_LL_SetupStage)
    USBD_LL_StallEP                          0x08002a53   Thumb Code    14  usbd_conf.o(i.USBD_LL_StallEP)
    USBD_LL_Start                            0x08002a61   Thumb Code    14  usbd_conf.o(i.USBD_LL_Start)
    USBD_LL_Suspend                          0x08002a6f   Thumb Code    18  usbd_core.o(i.USBD_LL_Suspend)
    USBD_LL_Transmit                         0x08002a81   Thumb Code    14  usbd_conf.o(i.USBD_LL_Transmit)
    USBD_ParseSetupRequest                   0x08002a8f   Thumb Code    40  usbd_ctlreq.o(i.USBD_ParseSetupRequest)
    USBD_RegisterClass                       0x08002ab7   Thumb Code    16  usbd_core.o(i.USBD_RegisterClass)
    USBD_SetClassConfig                      0x08002ac7   Thumb Code    22  usbd_core.o(i.USBD_SetClassConfig)
    USBD_Start                               0x08002b51   Thumb Code    10  usbd_core.o(i.USBD_Start)
    USBD_StdDevReq                           0x08002b5b   Thumb Code   242  usbd_ctlreq.o(i.USBD_StdDevReq)
    USBD_StdEPReq                            0x08002c4d   Thumb Code   220  usbd_ctlreq.o(i.USBD_StdEPReq)
    USBD_StdItfReq                           0x08002d29   Thumb Code    52  usbd_ctlreq.o(i.USBD_StdItfReq)
    USB_ActivateEndpoint                     0x08002d5d   Thumb Code   122  stm32f4xx_ll_usb.o(i.USB_ActivateEndpoint)
    USB_ActivateSetup                        0x08002ddd   Thumb Code    52  stm32f4xx_ll_usb.o(i.USB_ActivateSetup)
    USB_CoreInit                             0x08002e11   Thumb Code    96  stm32f4xx_ll_usb.o(i.USB_CoreInit)
    USB_DeactivateEndpoint                   0x08002ead   Thumb Code   110  stm32f4xx_ll_usb.o(i.USB_DeactivateEndpoint)
    USB_DevConnect                           0x08002f1b   Thumb Code    24  stm32f4xx_ll_usb.o(i.USB_DevConnect)
    USB_DevDisconnect                        0x08002f33   Thumb Code    24  stm32f4xx_ll_usb.o(i.USB_DevDisconnect)
    USB_DevInit                              0x08002f4d   Thumb Code   306  stm32f4xx_ll_usb.o(i.USB_DevInit)
    USB_DisableGlobalInt                     0x08003091   Thumb Code    12  stm32f4xx_ll_usb.o(i.USB_DisableGlobalInt)
    USB_EP0StartXfer                         0x0800309d   Thumb Code   316  stm32f4xx_ll_usb.o(i.USB_EP0StartXfer)
    USB_EP0_OutStart                         0x080031dd   Thumb Code    62  stm32f4xx_ll_usb.o(i.USB_EP0_OutStart)
    USB_EPClearStall                         0x0800321b   Thumb Code   100  stm32f4xx_ll_usb.o(i.USB_EPClearStall)
    USB_EPSetStall                           0x0800327f   Thumb Code    94  stm32f4xx_ll_usb.o(i.USB_EPSetStall)
    USB_EPStartXfer                          0x080032dd   Thumb Code   534  stm32f4xx_ll_usb.o(i.USB_EPStartXfer)
    USB_EnableGlobalInt                      0x080034f9   Thumb Code    12  stm32f4xx_ll_usb.o(i.USB_EnableGlobalInt)
    USB_FlushRxFifo                          0x08003505   Thumb Code    28  stm32f4xx_ll_usb.o(i.USB_FlushRxFifo)
    USB_FlushTxFifo                          0x08003525   Thumb Code    32  stm32f4xx_ll_usb.o(i.USB_FlushTxFifo)
    USB_GetDevSpeed                          0x08003549   Thumb Code    60  stm32f4xx_ll_usb.o(i.USB_GetDevSpeed)
    USB_GetMode                              0x08003585   Thumb Code     8  stm32f4xx_ll_usb.o(i.USB_GetMode)
    USB_ReadDevAllInEpInterrupt              0x0800358d   Thumb Code    14  stm32f4xx_ll_usb.o(i.USB_ReadDevAllInEpInterrupt)
    USB_ReadDevAllOutEpInterrupt             0x0800359b   Thumb Code    14  stm32f4xx_ll_usb.o(i.USB_ReadDevAllOutEpInterrupt)
    USB_ReadDevInEPInterrupt                 0x080035a9   Thumb Code    30  stm32f4xx_ll_usb.o(i.USB_ReadDevInEPInterrupt)
    USB_ReadDevOutEPInterrupt                0x080035c7   Thumb Code    16  stm32f4xx_ll_usb.o(i.USB_ReadDevOutEPInterrupt)
    USB_ReadInterrupts                       0x080035d7   Thumb Code     8  stm32f4xx_ll_usb.o(i.USB_ReadInterrupts)
    USB_ReadPacket                           0x080035df   Thumb Code    32  stm32f4xx_ll_usb.o(i.USB_ReadPacket)
    USB_SetCurrentMode                       0x080035ff   Thumb Code    44  stm32f4xx_ll_usb.o(i.USB_SetCurrentMode)
    USB_SetDevAddress                        0x0800362b   Thumb Code    34  stm32f4xx_ll_usb.o(i.USB_SetDevAddress)
    USB_WritePacket                          0x0800364d   Thumb Code    40  stm32f4xx_ll_usb.o(i.USB_WritePacket)
    UsageFault_Handler                       0x08003675   Thumb Code     2  stm32f4xx_it.o(i.UsageFault_Handler)
    __scatterload_copy                       0x08003677   Thumb Code    14  handlers.o(i.__scatterload_copy)
    __scatterload_null                       0x08003685   Thumb Code     2  handlers.o(i.__scatterload_null)
    __scatterload_zeroinit                   0x08003687   Thumb Code    14  handlers.o(i.__scatterload_zeroinit)
    free                                     0x08003695   Thumb Code    76  malloc.o(i.free)
    main                                     0x080036e5   Thumb Code   234  main.o(i.main)
    malloc                                   0x080037e1   Thumb Code    92  malloc.o(i.malloc)
    APBAHBPrescTable                         0x08003854   Data          16  stm32f4xx_hal_rcc.o(.constdata)
    Region$$Table$$Base                      0x08003864   Number         0  anon$$obj.o(Region$$Table)
    Region$$Table$$Limit                     0x08003884   Number         0  anon$$obj.o(Region$$Table)
    SystemCoreClock                          0x20000000   Data           4  system_stm32f4xx.o(.data)
    USBD_CDC_CfgHSDesc                       0x20000018   Data          67  usbd_cdc.o(.data)
    USBD_CDC_CfgFSDesc                       0x2000005c   Data          67  usbd_cdc.o(.data)
    USBD_CDC_OtherSpeedCfgDesc               0x200000a0   Data          67  usbd_cdc.o(.data)
    USBD_CDC                                 0x200000e4   Data          56  usbd_cdc.o(.data)
    USBD_Interface_fops_FS                   0x2000011c   Data          16  usbd_cdc_if.o(.data)
    UserRxBufferFS                           0x2000012c   Data           3  usbd_cdc_if.o(.data)
    FS_Desc                                  0x20000130   Data          28  usbd_desc.o(.data)
    USBD_LangIDDesc                          0x2000014c   Data           4  usbd_desc.o(.data)
    USBD_FS_DeviceDesc                       0x20000150   Data          18  usbd_desc.o(.data)
    rxdata                                   0x20000162   Data           3  main.o(.data)
    stopTriple                               0x20000165   Data           1  main.o(.data)
    uwTick                                   0x20000168   Data           4  stm32f4xx_hal.o(.data)
    __microlib_freelist                      0x2000016c   Data           4  mvars.o(.data)
    __microlib_freelist_initialised          0x20000170   Data           4  mvars.o(.data)
    UserTxBufferFS                           0x20000174   Data          64  usbd_cdc_if.o(.bss)
    USBD_StrDesc                             0x200001b4   Data         512  usbd_desc.o(.bss)
    hUsbDeviceFS                             0x200003b4   Data         548  usb_device.o(.bss)
    hadc1                                    0x200005d8   Data          72  main.o(.bss)
    hadc2                                    0x20000620   Data          72  main.o(.bss)
    hadc3                                    0x20000668   Data          72  main.o(.bss)
    ADCBuffer                                0x200006b0   Data         128  main.o(.bss)
    hdma_adc1                                0x20000730   Data          96  main.o(.bss)
    hpcd_USB_OTG_FS                          0x20000790   Data         952  usbd_conf.o(.bss)
    __heap_base                              0x20000b48   Data           0  startup_stm32f429xx.o(HEAP)
    __heap_limit                             0x20002b48   Data           0  startup_stm32f429xx.o(HEAP)
    __initial_sp                             0x20006b48   Data           0  startup_stm32f429xx.o(STACK)



==============================================================================

Memory Map of the image

  Image Entry point : 0x080001ad

  Load Region LR_IROM1 (Base: 0x08000000, Size: 0x000039f8, Max: 0x00200000, ABSOLUTE, COMPRESSED[0x00003940])

    Execution Region ER_IROM1 (Base: 0x08000000, Size: 0x00003884, Max: 0x00200000, ABSOLUTE)

    Base Addr    Size         Type   Attr      Idx    E Section Name        Object

    0x08000000   0x000001ac   Data   RO         2969    RESET               startup_stm32f429xx.o
    0x080001ac   0x00000000   Code   RO         2974  * .ARM.Collect$$$$00000000  mc_w.l(entry.o)
    0x080001ac   0x00000004   Code   RO         3009    .ARM.Collect$$$$00000001  mc_w.l(entry2.o)
    0x080001b0   0x00000004   Code   RO         3012    .ARM.Collect$$$$00000004  mc_w.l(entry5.o)
    0x080001b4   0x00000000   Code   RO         3014    .ARM.Collect$$$$00000008  mc_w.l(entry7b.o)
    0x080001b4   0x00000000   Code   RO         3016    .ARM.Collect$$$$0000000A  mc_w.l(entry8b.o)
    0x080001b4   0x00000008   Code   RO         3017    .ARM.Collect$$$$0000000B  mc_w.l(entry9a.o)
    0x080001bc   0x00000000   Code   RO         3019    .ARM.Collect$$$$0000000D  mc_w.l(entry10a.o)
    0x080001bc   0x00000000   Code   RO         3021    .ARM.Collect$$$$0000000F  mc_w.l(entry11a.o)
    0x080001bc   0x00000004   Code   RO         3010    .ARM.Collect$$$$00002712  mc_w.l(entry2.o)
    0x080001c0   0x00000024   Code   RO         2970    .text               startup_stm32f429xx.o
    0x080001e4   0x00000024   Code   RO         2977    .text               mc_w.l(memcpya.o)
    0x08000208   0x00000024   Code   RO         3025    .text               mc_w.l(init.o)
    0x0800022c   0x00000056   Code   RO         3035    .text               mc_w.l(__dczerorl2.o)
    0x08000282   0x00000002   PAD
    0x08000284   0x00000134   Code   RO         2803    i.ADC_Init          stm32f4xx_hal_adc.o
    0x080003b8   0x0000005a   Code   RO         2695    i.ADC_MultiModeDMAConvCplt  stm32f4xx_hal_adc_ex.o
    0x08000412   0x00000012   Code   RO         2696    i.ADC_MultiModeDMAError  stm32f4xx_hal_adc_ex.o
    0x08000424   0x00000006   Code   RO         2697    i.ADC_MultiModeDMAHalfConvCplt  stm32f4xx_hal_adc_ex.o
    0x0800042a   0x00000002   Code   RO          594    i.BusFault_Handler  stm32f4xx_it.o
    0x0800042c   0x00000004   Code   RO          537    i.CDC_Control_FS    usbd_cdc_if.o
    0x08000430   0x00000004   Code   RO          538    i.CDC_DeInit_FS     usbd_cdc_if.o
    0x08000434   0x00000024   Code   RO          539    i.CDC_Init_FS       usbd_cdc_if.o
    0x08000458   0x00000028   Code   RO          540    i.CDC_Receive_FS    usbd_cdc_if.o
    0x08000480   0x0000000c   Code   RO          595    i.DMA2_Stream0_IRQHandler  stm32f4xx_it.o
    0x0800048c   0x00000028   Code   RO         1403    i.DMA_CalcBaseAndBitshift  stm32f4xx_hal_dma.o
    0x080004b4   0x00000054   Code   RO         1404    i.DMA_CheckFifoParam  stm32f4xx_hal_dma.o
    0x08000508   0x00000028   Code   RO         1405    i.DMA_SetConfig     stm32f4xx_hal_dma.o
    0x08000530   0x00000002   Code   RO          596    i.DebugMon_Handler  stm32f4xx_it.o
    0x08000532   0x00000002   Code   RO          821    i.Error_Handler     main.o
    0x08000534   0x0000006c   Code   RO         2706    i.HAL_ADCEx_MultiModeConfigChannel  stm32f4xx_hal_adc_ex.o
    0x080005a0   0x00000100   Code   RO         2708    i.HAL_ADCEx_MultiModeStart_DMA  stm32f4xx_hal_adc_ex.o
    0x080006a0   0x00000064   Code   RO         2709    i.HAL_ADCEx_MultiModeStop_DMA  stm32f4xx_hal_adc_ex.o
    0x08000704   0x00000154   Code   RO         2805    i.HAL_ADC_ConfigChannel  stm32f4xx_hal_adc.o
    0x08000858   0x0000000c   Code   RO          822    i.HAL_ADC_ConvCpltCallback  main.o
    0x08000864   0x00000002   Code   RO         2807    i.HAL_ADC_ConvHalfCpltCallback  stm32f4xx_hal_adc.o
    0x08000866   0x00000002   Code   RO         2809    i.HAL_ADC_ErrorCallback  stm32f4xx_hal_adc.o
    0x08000868   0x00000054   Code   RO         2814    i.HAL_ADC_Init      stm32f4xx_hal_adc.o
    0x080008bc   0x000000cc   Code   RO          683    i.HAL_ADC_MspInit   stm32f4xx_hal_msp.o
    0x08000988   0x000000b8   Code   RO         2820    i.HAL_ADC_Start     stm32f4xx_hal_adc.o
    0x08000a40   0x0000003c   Code   RO         2823    i.HAL_ADC_Stop      stm32f4xx_hal_adc.o
    0x08000a7c   0x0000008e   Code   RO         1406    i.HAL_DMA_Abort     stm32f4xx_hal_dma.o
    0x08000b0a   0x00000002   PAD
    0x08000b0c   0x000001a8   Code   RO         1411    i.HAL_DMA_IRQHandler  stm32f4xx_hal_dma.o
    0x08000cb4   0x000000d0   Code   RO         1412    i.HAL_DMA_Init      stm32f4xx_hal_dma.o
    0x08000d84   0x00000078   Code   RO         1416    i.HAL_DMA_Start_IT  stm32f4xx_hal_dma.o
    0x08000dfc   0x00000016   Code   RO         1233    i.HAL_Delay         stm32f4xx_hal.o
    0x08000e12   0x00000002   PAD
    0x08000e14   0x000001cc   Code   RO         1917    i.HAL_GPIO_Init     stm32f4xx_hal_gpio.o
    0x08000fe0   0x0000000a   Code   RO         1919    i.HAL_GPIO_ReadPin  stm32f4xx_hal_gpio.o
    0x08000fea   0x00000002   PAD
    0x08000fec   0x0000000c   Code   RO         1241    i.HAL_GetTick       stm32f4xx_hal.o
    0x08000ff8   0x00000010   Code   RO         1242    i.HAL_IncTick       stm32f4xx_hal.o
    0x08001008   0x00000034   Code   RO         1243    i.HAL_Init          stm32f4xx_hal.o
    0x0800103c   0x00000028   Code   RO         1244    i.HAL_InitTick      stm32f4xx_hal.o
    0x08001064   0x00000058   Code   RO          684    i.HAL_MspInit       stm32f4xx_hal_msp.o
    0x080010bc   0x00000016   Code   RO         1983    i.HAL_NVIC_EnableIRQ  stm32f4xx_hal_cortex.o
    0x080010d2   0x00000002   PAD
    0x080010d4   0x00000040   Code   RO         1989    i.HAL_NVIC_SetPriority  stm32f4xx_hal_cortex.o
    0x08001114   0x00000024   Code   RO         1990    i.HAL_NVIC_SetPriorityGrouping  stm32f4xx_hal_cortex.o
    0x08001138   0x00000008   Code   RO         2665    i.HAL_PCDEx_SetRxFiFo  stm32f4xx_hal_pcd_ex.o
    0x08001140   0x00000044   Code   RO         2666    i.HAL_PCDEx_SetTxFiFo  stm32f4xx_hal_pcd_ex.o
    0x08001184   0x00000008   Code   RO          878    i.HAL_PCD_ConnectCallback  usbd_conf.o
    0x0800118c   0x00000012   Code   RO          879    i.HAL_PCD_DataInStageCallback  usbd_conf.o
    0x0800119e   0x00000014   Code   RO          880    i.HAL_PCD_DataOutStageCallback  usbd_conf.o
    0x080011b2   0x00000008   Code   RO          881    i.HAL_PCD_DisconnectCallback  usbd_conf.o
    0x080011ba   0x00000044   Code   RO         1590    i.HAL_PCD_EP_Close  stm32f4xx_hal_pcd.o
    0x080011fe   0x00000050   Code   RO         1591    i.HAL_PCD_EP_ClrStall  stm32f4xx_hal_pcd.o
    0x0800124e   0x00000014   Code   RO         1593    i.HAL_PCD_EP_GetRxCount  stm32f4xx_hal_pcd.o
    0x08001262   0x00000054   Code   RO         1594    i.HAL_PCD_EP_Open   stm32f4xx_hal_pcd.o
    0x080012b6   0x00000002   PAD
    0x080012b8   0x0000005e   Code   RO         1595    i.HAL_PCD_EP_Receive  stm32f4xx_hal_pcd.o
    0x08001316   0x00000060   Code   RO         1596    i.HAL_PCD_EP_SetStall  stm32f4xx_hal_pcd.o
    0x08001376   0x00000056   Code   RO         1597    i.HAL_PCD_EP_Transmit  stm32f4xx_hal_pcd.o
    0x080013cc   0x000004f4   Code   RO         1599    i.HAL_PCD_IRQHandler  stm32f4xx_hal_pcd.o
    0x080018c0   0x00000008   Code   RO          882    i.HAL_PCD_ISOINIncompleteCallback  usbd_conf.o
    0x080018c8   0x00000008   Code   RO          883    i.HAL_PCD_ISOOUTIncompleteCallback  usbd_conf.o
    0x080018d0   0x000000be   Code   RO         1602    i.HAL_PCD_Init      stm32f4xx_hal_pcd.o
    0x0800198e   0x00000002   PAD
    0x08001990   0x00000064   Code   RO          885    i.HAL_PCD_MspInit   usbd_conf.o
    0x080019f4   0x00000020   Code   RO          886    i.HAL_PCD_ResetCallback  usbd_conf.o
    0x08001a14   0x00000008   Code   RO          887    i.HAL_PCD_ResumeCallback  usbd_conf.o
    0x08001a1c   0x00000008   Code   RO          888    i.HAL_PCD_SOFCallback  usbd_conf.o
    0x08001a24   0x00000024   Code   RO         1608    i.HAL_PCD_SetAddress  stm32f4xx_hal_pcd.o
    0x08001a48   0x0000000e   Code   RO          889    i.HAL_PCD_SetupStageCallback  usbd_conf.o
    0x08001a56   0x0000002a   Code   RO         1610    i.HAL_PCD_Start     stm32f4xx_hal_pcd.o
    0x08001a80   0x00000030   Code   RO          890    i.HAL_PCD_SuspendCallback  usbd_conf.o
    0x08001ab0   0x0000017c   Code   RO         2104    i.HAL_RCC_ClockConfig  stm32f4xx_hal_rcc.o
    0x08001c2c   0x0000000c   Code   RO         2109    i.HAL_RCC_GetHCLKFreq  stm32f4xx_hal_rcc.o
    0x08001c38   0x00000070   Code   RO         2113    i.HAL_RCC_GetSysClockFreq  stm32f4xx_hal_rcc.o
    0x08001ca8   0x000002e4   Code   RO         2116    i.HAL_RCC_OscConfig  stm32f4xx_hal_rcc.o
    0x08001f8c   0x00000018   Code   RO         1992    i.HAL_SYSTICK_CLKSourceConfig  stm32f4xx_hal_cortex.o
    0x08001fa4   0x00000002   Code   RO         1993    i.HAL_SYSTICK_Callback  stm32f4xx_hal_cortex.o
    0x08001fa6   0x00000028   Code   RO         1994    i.HAL_SYSTICK_Config  stm32f4xx_hal_cortex.o
    0x08001fce   0x00000008   Code   RO         1995    i.HAL_SYSTICK_IRQHandler  stm32f4xx_hal_cortex.o
    0x08001fd6   0x00000002   Code   RO          597    i.HardFault_Handler  stm32f4xx_it.o
    0x08001fd8   0x00000038   Code   RO          787    i.MX_USB_DEVICE_Init  usb_device.o
    0x08002010   0x00000002   Code   RO          598    i.MemManage_Handler  stm32f4xx_it.o
    0x08002012   0x00000002   Code   RO          599    i.NMI_Handler       stm32f4xx_it.o
    0x08002014   0x00000020   Code   RO         1996    i.NVIC_SetPriority  stm32f4xx_hal_cortex.o
    0x08002034   0x0000000c   Code   RO          600    i.OTG_FS_IRQHandler  stm32f4xx_it.o
    0x08002040   0x00000088   Code   RO         1613    i.PCD_WriteEmptyTxFifo  stm32f4xx_hal_pcd.o
    0x080020c8   0x00000002   Code   RO          601    i.PendSV_Handler    stm32f4xx_it.o
    0x080020ca   0x00000002   Code   RO          602    i.SVC_Handler       stm32f4xx_it.o
    0x080020cc   0x0000000e   Code   RO          603    i.SysTick_Handler   stm32f4xx_it.o
    0x080020da   0x00000002   PAD
    0x080020dc   0x0000009c   Code   RO          823    i.SystemClock_Config  main.o
    0x08002178   0x00000054   Code   RO            5    i.SystemInit        system_stm32f4xx.o
    0x080021cc   0x000000cc   Code   RO          824    i.TripleADC_Init    main.o
    0x08002298   0x00000014   Code   RO          427    i.USBD_CDC_DataIn   usbd_cdc.o
    0x080022ac   0x0000002e   Code   RO          428    i.USBD_CDC_DataOut  usbd_cdc.o
    0x080022da   0x0000003c   Code   RO          429    i.USBD_CDC_DeInit   usbd_cdc.o
    0x08002316   0x00000024   Code   RO          430    i.USBD_CDC_EP0_RxReady  usbd_cdc.o
    0x0800233a   0x00000002   PAD
    0x0800233c   0x0000000c   Code   RO          431    i.USBD_CDC_GetDeviceQualifierDescriptor  usbd_cdc.o
    0x08002348   0x0000000c   Code   RO          432    i.USBD_CDC_GetFSCfgDesc  usbd_cdc.o
    0x08002354   0x0000000c   Code   RO          433    i.USBD_CDC_GetHSCfgDesc  usbd_cdc.o
    0x08002360   0x0000000c   Code   RO          434    i.USBD_CDC_GetOtherSpeedCfgDesc  usbd_cdc.o
    0x0800236c   0x00000088   Code   RO          435    i.USBD_CDC_Init     usbd_cdc.o
    0x080023f4   0x00000028   Code   RO          436    i.USBD_CDC_ReceivePacket  usbd_cdc.o
    0x0800241c   0x00000010   Code   RO          437    i.USBD_CDC_RegisterInterface  usbd_cdc.o
    0x0800242c   0x0000000c   Code   RO          438    i.USBD_CDC_SetRxBuffer  usbd_cdc.o
    0x08002438   0x00000010   Code   RO          439    i.USBD_CDC_SetTxBuffer  usbd_cdc.o
    0x08002448   0x00000070   Code   RO          440    i.USBD_CDC_Setup    usbd_cdc.o
    0x080024b8   0x0000000e   Code   RO          224    i.USBD_ClrClassConfig  usbd_core.o
    0x080024c6   0x00000010   Code   RO          139    i.USBD_CtlContinueRx  usbd_ioreq.o
    0x080024d6   0x00000010   Code   RO          140    i.USBD_CtlContinueSendData  usbd_ioreq.o
    0x080024e6   0x00000016   Code   RO          362    i.USBD_CtlError     usbd_ctlreq.o
    0x080024fc   0x0000001e   Code   RO          141    i.USBD_CtlPrepareRx  usbd_ioreq.o
    0x0800251a   0x00000016   Code   RO          142    i.USBD_CtlReceiveStatus  usbd_ioreq.o
    0x08002530   0x0000001a   Code   RO          143    i.USBD_CtlSendData  usbd_ioreq.o
    0x0800254a   0x00000016   Code   RO          144    i.USBD_CtlSendStatus  usbd_ioreq.o
    0x08002560   0x00000020   Code   RO          719    i.USBD_FS_ConfigStrDescriptor  usbd_desc.o
    0x08002580   0x0000000c   Code   RO          720    i.USBD_FS_DeviceDescriptor  usbd_desc.o
    0x0800258c   0x00000024   Code   RO          721    i.USBD_FS_InterfaceStrDescriptor  usbd_desc.o
    0x080025b0   0x0000000c   Code   RO          722    i.USBD_FS_LangIDStrDescriptor  usbd_desc.o
    0x080025bc   0x00000028   Code   RO          723    i.USBD_FS_ManufacturerStrDescriptor  usbd_desc.o
    0x080025e4   0x0000002c   Code   RO          724    i.USBD_FS_ProductStrDescriptor  usbd_desc.o
    0x08002610   0x00000024   Code   RO          725    i.USBD_FS_SerialStrDescriptor  usbd_desc.o
    0x08002634   0x000000e0   Code   RO          363    i.USBD_GetDescriptor  usbd_ctlreq.o
    0x08002714   0x00000046   Code   RO          364    i.USBD_GetString    usbd_ctlreq.o
    0x0800275a   0x0000002a   Code   RO          226    i.USBD_Init         usbd_core.o
    0x08002784   0x0000000e   Code   RO          891    i.USBD_LL_ClearStallEP  usbd_conf.o
    0x08002792   0x0000000e   Code   RO          892    i.USBD_LL_CloseEP   usbd_conf.o
    0x080027a0   0x000000aa   Code   RO          227    i.USBD_LL_DataInStage  usbd_core.o
    0x0800284a   0x0000006a   Code   RO          228    i.USBD_LL_DataOutStage  usbd_core.o
    0x080028b4   0x00000004   Code   RO          229    i.USBD_LL_DevConnected  usbd_core.o
    0x080028b8   0x00000016   Code   RO          230    i.USBD_LL_DevDisconnected  usbd_core.o
    0x080028ce   0x00000008   Code   RO          896    i.USBD_LL_GetRxDataSize  usbd_conf.o
    0x080028d6   0x00000002   PAD
    0x080028d8   0x00000060   Code   RO          897    i.USBD_LL_Init      usbd_conf.o
    0x08002938   0x00000020   Code   RO          898    i.USBD_LL_IsStallEP  usbd_conf.o
    0x08002958   0x00000004   Code   RO          231    i.USBD_LL_IsoINIncomplete  usbd_core.o
    0x0800295c   0x00000004   Code   RO          232    i.USBD_LL_IsoOUTIncomplete  usbd_core.o
    0x08002960   0x00000014   Code   RO          899    i.USBD_LL_OpenEP    usbd_conf.o
    0x08002974   0x0000000e   Code   RO          900    i.USBD_LL_PrepareReceive  usbd_conf.o
    0x08002982   0x0000003e   Code   RO          233    i.USBD_LL_Reset     usbd_core.o
    0x080029c0   0x0000000c   Code   RO          234    i.USBD_LL_Resume    usbd_core.o
    0x080029cc   0x00000018   Code   RO          235    i.USBD_LL_SOF       usbd_core.o
    0x080029e4   0x00000006   Code   RO          236    i.USBD_LL_SetSpeed  usbd_core.o
    0x080029ea   0x0000000e   Code   RO          901    i.USBD_LL_SetUSBAddress  usbd_conf.o
    0x080029f8   0x0000005a   Code   RO          237    i.USBD_LL_SetupStage  usbd_core.o
    0x08002a52   0x0000000e   Code   RO          902    i.USBD_LL_StallEP   usbd_conf.o
    0x08002a60   0x0000000e   Code   RO          903    i.USBD_LL_Start     usbd_conf.o
    0x08002a6e   0x00000012   Code   RO          238    i.USBD_LL_Suspend   usbd_core.o
    0x08002a80   0x0000000e   Code   RO          905    i.USBD_LL_Transmit  usbd_conf.o
    0x08002a8e   0x00000028   Code   RO          365    i.USBD_ParseSetupRequest  usbd_ctlreq.o
    0x08002ab6   0x00000010   Code   RO          239    i.USBD_RegisterClass  usbd_core.o
    0x08002ac6   0x00000016   Code   RO          241    i.USBD_SetClassConfig  usbd_core.o
    0x08002adc   0x00000074   Code   RO          366    i.USBD_SetConfig    usbd_ctlreq.o
    0x08002b50   0x0000000a   Code   RO          242    i.USBD_Start        usbd_core.o
    0x08002b5a   0x000000f2   Code   RO          367    i.USBD_StdDevReq    usbd_ctlreq.o
    0x08002c4c   0x000000dc   Code   RO          368    i.USBD_StdEPReq     usbd_ctlreq.o
    0x08002d28   0x00000034   Code   RO          369    i.USBD_StdItfReq    usbd_ctlreq.o
    0x08002d5c   0x00000080   Code   RO         2365    i.USB_ActivateEndpoint  stm32f4xx_ll_usb.o
    0x08002ddc   0x00000034   Code   RO         2366    i.USB_ActivateSetup  stm32f4xx_ll_usb.o
    0x08002e10   0x00000064   Code   RO         2368    i.USB_CoreInit      stm32f4xx_ll_usb.o
    0x08002e74   0x00000038   Code   RO         2369    i.USB_CoreReset     stm32f4xx_ll_usb.o
    0x08002eac   0x0000006e   Code   RO         2371    i.USB_DeactivateEndpoint  stm32f4xx_ll_usb.o
    0x08002f1a   0x00000018   Code   RO         2372    i.USB_DevConnect    stm32f4xx_ll_usb.o
    0x08002f32   0x00000018   Code   RO         2373    i.USB_DevDisconnect  stm32f4xx_ll_usb.o
    0x08002f4a   0x00000002   PAD
    0x08002f4c   0x00000144   Code   RO         2374    i.USB_DevInit       stm32f4xx_ll_usb.o
    0x08003090   0x0000000c   Code   RO         2375    i.USB_DisableGlobalInt  stm32f4xx_ll_usb.o
    0x0800309c   0x00000140   Code   RO         2378    i.USB_EP0StartXfer  stm32f4xx_ll_usb.o
    0x080031dc   0x0000003e   Code   RO         2379    i.USB_EP0_OutStart  stm32f4xx_ll_usb.o
    0x0800321a   0x00000064   Code   RO         2380    i.USB_EPClearStall  stm32f4xx_ll_usb.o
    0x0800327e   0x0000005e   Code   RO         2381    i.USB_EPSetStall    stm32f4xx_ll_usb.o
    0x080032dc   0x0000021c   Code   RO         2382    i.USB_EPStartXfer   stm32f4xx_ll_usb.o
    0x080034f8   0x0000000c   Code   RO         2383    i.USB_EnableGlobalInt  stm32f4xx_ll_usb.o
    0x08003504   0x00000020   Code   RO         2384    i.USB_FlushRxFifo   stm32f4xx_ll_usb.o
    0x08003524   0x00000024   Code   RO         2385    i.USB_FlushTxFifo   stm32f4xx_ll_usb.o
    0x08003548   0x0000003c   Code   RO         2387    i.USB_GetDevSpeed   stm32f4xx_ll_usb.o
    0x08003584   0x00000008   Code   RO         2389    i.USB_GetMode       stm32f4xx_ll_usb.o
    0x0800358c   0x0000000e   Code   RO         2396    i.USB_ReadDevAllInEpInterrupt  stm32f4xx_ll_usb.o
    0x0800359a   0x0000000e   Code   RO         2397    i.USB_ReadDevAllOutEpInterrupt  stm32f4xx_ll_usb.o
    0x080035a8   0x0000001e   Code   RO         2398    i.USB_ReadDevInEPInterrupt  stm32f4xx_ll_usb.o
    0x080035c6   0x00000010   Code   RO         2399    i.USB_ReadDevOutEPInterrupt  stm32f4xx_ll_usb.o
    0x080035d6   0x00000008   Code   RO         2400    i.USB_ReadInterrupts  stm32f4xx_ll_usb.o
    0x080035de   0x00000020   Code   RO         2401    i.USB_ReadPacket    stm32f4xx_ll_usb.o
    0x080035fe   0x0000002c   Code   RO         2403    i.USB_SetCurrentMode  stm32f4xx_ll_usb.o
    0x0800362a   0x00000022   Code   RO         2404    i.USB_SetDevAddress  stm32f4xx_ll_usb.o
    0x0800364c   0x00000028   Code   RO         2408    i.USB_WritePacket   stm32f4xx_ll_usb.o
    0x08003674   0x00000002   Code   RO          604    i.UsageFault_Handler  stm32f4xx_it.o
    0x08003676   0x0000000e   Code   RO         3029    i.__scatterload_copy  mc_w.l(handlers.o)
    0x08003684   0x00000002   Code   RO         3030    i.__scatterload_null  mc_w.l(handlers.o)
    0x08003686   0x0000000e   Code   RO         3031    i.__scatterload_zeroinit  mc_w.l(handlers.o)
    0x08003694   0x00000050   Code   RO         2981    i.free              mc_w.l(malloc.o)
    0x080036e4   0x000000fc   Code   RO          825    i.main              main.o
    0x080037e0   0x0000006c   Code   RO         2982    i.malloc            mc_w.l(malloc.o)
    0x0800384c   0x00000008   Data   RO         1418    .constdata          stm32f4xx_hal_dma.o
    0x08003854   0x00000010   Data   RO         2117    .constdata          stm32f4xx_hal_rcc.o
    0x08003864   0x00000020   Data   RO         3027    Region$$Table       anon$$obj.o


    Execution Region RW_IRAM1 (Base: 0x20000000, Size: 0x00006b48, Max: 0x00030000, ABSOLUTE, COMPRESSED[0x000000bc])

    Base Addr    Size         Type   Attr      Idx    E Section Name        Object

    0x20000000   0x00000004   Data   RW            7    .data               system_stm32f4xx.o
    0x20000004   0x00000001   Data   RW          370    .data               usbd_ctlreq.o
    0x20000005   0x00000003   PAD
    0x20000008   0x000000db   Data   RW          442    .data               usbd_cdc.o
    0x200000e3   0x00000001   PAD
    0x200000e4   0x00000038   Data   RW          443    .data               usbd_cdc.o
    0x2000011c   0x00000010   Data   RW          543    .data               usbd_cdc_if.o
    0x2000012c   0x00000003   Data   RW          544    .data               usbd_cdc_if.o
    0x2000012f   0x00000001   PAD
    0x20000130   0x0000001c   Data   RW          727    .data               usbd_desc.o
    0x2000014c   0x00000016   Data   RW          728    .data               usbd_desc.o
    0x20000162   0x00000003   Data   RW          828    .data               main.o
    0x20000165   0x00000001   Data   RW          829    .data               main.o
    0x20000166   0x00000002   PAD
    0x20000168   0x00000004   Data   RW         1249    .data               stm32f4xx_hal.o
    0x2000016c   0x00000004   Data   RW         3023    .data               mc_w.l(mvars.o)
    0x20000170   0x00000004   Data   RW         3024    .data               mc_w.l(mvars.o)
    0x20000174   0x00000040   Zero   RW          542    .bss                usbd_cdc_if.o
    0x200001b4   0x00000200   Zero   RW          726    .bss                usbd_desc.o
    0x200003b4   0x00000224   Zero   RW          788    .bss                usb_device.o
    0x200005d8   0x00000158   Zero   RW          826    .bss                main.o
    0x20000730   0x00000060   Zero   RW          827    .bss                main.o
    0x20000790   0x000003b8   Zero   RW          906    .bss                usbd_conf.o
    0x20000b48   0x00002000   Zero   RW         2968    HEAP                startup_stm32f429xx.o
    0x20002b48   0x00004000   Zero   RW         2967    STACK               startup_stm32f429xx.o


==============================================================================

Image component sizes


      Code (inc. data)   RO Data    RW Data    ZI Data      Debug   Object Name

       626         48          0          4        440       4169   main.o
        36          8        428          0      24576        800   startup_stm32f429xx.o
       142         22          0          4          0       4171   stm32f4xx_hal.o
       980         38          0          0          0       5309   stm32f4xx_hal_adc.o
       578         42          0          0          0       4748   stm32f4xx_hal_adc_ex.o
       228         14          0          0          0      32109   stm32f4xx_hal_cortex.o
      1058         22          8          0          0       6683   stm32f4xx_hal_dma.o
       470         52          0          0          0       2523   stm32f4xx_hal_gpio.o
       292         30          0          0          0       1748   stm32f4xx_hal_msp.o
      2200         72          0          0          0      11433   stm32f4xx_hal_pcd.o
        76          0          0          0          0       1836   stm32f4xx_hal_pcd_ex.o
      1244         48         16          0          0       4689   stm32f4xx_hal_rcc.o
        54         12          0          0          0       5008   stm32f4xx_it.o
      2326         52          0          0          0      20100   stm32f4xx_ll_usb.o
        84         18          0          4          0     338137   system_stm32f4xx.o
        56         18          0          0        548        712   usb_device.o
       542         22          0        275          0      12264   usbd_cdc.o
        84         20          0         19         64       4344   usbd_cdc_if.o
       534         16          0          0        952      13646   usbd_conf.o
       626          0          0          0          0      11938   usbd_core.o
       986         30          0          1          0       7952   usbd_ctlreq.o
       212        116          0         50        512       5111   usbd_desc.o
       132          0          0          0          0       8840   usbd_ioreq.o

    ----------------------------------------------------------------------
     13586        700        484        364      27092     508270   Object Totals
         0          0         32          0          0          0   (incl. Generated)
        20          0          0          7          0          0   (incl. Padding)

    ----------------------------------------------------------------------

      Code (inc. data)   RO Data    RW Data    ZI Data      Debug   Library Member Name

        86          0          0          0          0          0   __dczerorl2.o
         0          0          0          0          0          0   entry.o
         0          0          0          0          0          0   entry10a.o
         0          0          0          0          0          0   entry11a.o
         8          4          0          0          0          0   entry2.o
         4          0          0          0          0          0   entry5.o
         0          0          0          0          0          0   entry7b.o
         0          0          0          0          0          0   entry8b.o
         8          4          0          0          0          0   entry9a.o
        30          0          0          0          0          0   handlers.o
        36          8          0          0          0         68   init.o
       188         20          0          0          0        160   malloc.o
        36          0          0          0          0         68   memcpya.o
         0          0          0          8          0          0   mvars.o

    ----------------------------------------------------------------------
       398         36          0          8          0        296   Library Totals
         2          0          0          0          0          0   (incl. Padding)

    ----------------------------------------------------------------------

      Code (inc. data)   RO Data    RW Data    ZI Data      Debug   Library Name

       396         36          0          8          0        296   mc_w.l

    ----------------------------------------------------------------------
       398         36          0          8          0        296   Library Totals

    ----------------------------------------------------------------------

==============================================================================


      Code (inc. data)   RO Data    RW Data    ZI Data      Debug   

     13984        736        484        372      27092     491446   Grand Totals
     13984        736        484        188      27092     491446   ELF Image Totals (compressed)
     13984        736        484        188          0          0   ROM Totals

==============================================================================

    Total RO  Size (Code + RO Data)                14468 (  14.13kB)
    Total RW  Size (RW Data + ZI Data)             27464 (  26.82kB)
    Total ROM Size (Code + RO Data + RW Data)      14656 (  14.31kB)

==============================================================================

